Archive member included to satisfy reference by file (symbol)

C:/ST/STM32CubeIDE_1.19.0/STM32CubeIDE/plugins/com.st.stm32cube.ide.mcu.externaltools.gnu-tools-for-stm32.13.3.rel1.win32_1.0.0.202411081344/tools/bin/../lib/gcc/arm-none-eabi/13.3.1/../../../../arm-none-eabi/lib/thumb/v6-m/nofp\libc_nano.a(libc_a-exit.o)
                              C:/ST/STM32CubeIDE_1.19.0/STM32CubeIDE/plugins/com.st.stm32cube.ide.mcu.externaltools.gnu-tools-for-stm32.13.3.rel1.win32_1.0.0.202411081344/tools/bin/../lib/gcc/arm-none-eabi/13.3.1/../../../../arm-none-eabi/lib/thumb/v6-m/nofp/crt0.o (exit)
C:/ST/STM32CubeIDE_1.19.0/STM32CubeIDE/plugins/com.st.stm32cube.ide.mcu.externaltools.gnu-tools-for-stm32.13.3.rel1.win32_1.0.0.202411081344/tools/bin/../lib/gcc/arm-none-eabi/13.3.1/../../../../arm-none-eabi/lib/thumb/v6-m/nofp\libc_nano.a(libc_a-findfp.o)
                              ./Middlewares/Third_Party/FreeRTOS/Source/tasks.o (__sf)
C:/ST/STM32CubeIDE_1.19.0/STM32CubeIDE/plugins/com.st.stm32cube.ide.mcu.externaltools.gnu-tools-for-stm32.13.3.rel1.win32_1.0.0.202411081344/tools/bin/../lib/gcc/arm-none-eabi/13.3.1/../../../../arm-none-eabi/lib/thumb/v6-m/nofp\libc_nano.a(libc_a-fwalk.o)
                              C:/ST/STM32CubeIDE_1.19.0/STM32CubeIDE/plugins/com.st.stm32cube.ide.mcu.externaltools.gnu-tools-for-stm32.13.3.rel1.win32_1.0.0.202411081344/tools/bin/../lib/gcc/arm-none-eabi/13.3.1/../../../../arm-none-eabi/lib/thumb/v6-m/nofp\libc_nano.a(libc_a-findfp.o) (_fwalk_sglue)
C:/ST/STM32CubeIDE_1.19.0/STM32CubeIDE/plugins/com.st.stm32cube.ide.mcu.externaltools.gnu-tools-for-stm32.13.3.rel1.win32_1.0.0.202411081344/tools/bin/../lib/gcc/arm-none-eabi/13.3.1/../../../../arm-none-eabi/lib/thumb/v6-m/nofp\libc_nano.a(libc_a-stdio.o)
                              C:/ST/STM32CubeIDE_1.19.0/STM32CubeIDE/plugins/com.st.stm32cube.ide.mcu.externaltools.gnu-tools-for-stm32.13.3.rel1.win32_1.0.0.202411081344/tools/bin/../lib/gcc/arm-none-eabi/13.3.1/../../../../arm-none-eabi/lib/thumb/v6-m/nofp\libc_nano.a(libc_a-findfp.o) (__sread)
C:/ST/STM32CubeIDE_1.19.0/STM32CubeIDE/plugins/com.st.stm32cube.ide.mcu.externaltools.gnu-tools-for-stm32.13.3.rel1.win32_1.0.0.202411081344/tools/bin/../lib/gcc/arm-none-eabi/13.3.1/../../../../arm-none-eabi/lib/thumb/v6-m/nofp\libc_nano.a(libc_a-memset.o)
                              C:/ST/STM32CubeIDE_1.19.0/STM32CubeIDE/plugins/com.st.stm32cube.ide.mcu.externaltools.gnu-tools-for-stm32.13.3.rel1.win32_1.0.0.202411081344/tools/bin/../lib/gcc/arm-none-eabi/13.3.1/../../../../arm-none-eabi/lib/thumb/v6-m/nofp/crt0.o (memset)
C:/ST/STM32CubeIDE_1.19.0/STM32CubeIDE/plugins/com.st.stm32cube.ide.mcu.externaltools.gnu-tools-for-stm32.13.3.rel1.win32_1.0.0.202411081344/tools/bin/../lib/gcc/arm-none-eabi/13.3.1/../../../../arm-none-eabi/lib/thumb/v6-m/nofp\libc_nano.a(libc_a-closer.o)
                              C:/ST/STM32CubeIDE_1.19.0/STM32CubeIDE/plugins/com.st.stm32cube.ide.mcu.externaltools.gnu-tools-for-stm32.13.3.rel1.win32_1.0.0.202411081344/tools/bin/../lib/gcc/arm-none-eabi/13.3.1/../../../../arm-none-eabi/lib/thumb/v6-m/nofp\libc_nano.a(libc_a-stdio.o) (_close_r)
C:/ST/STM32CubeIDE_1.19.0/STM32CubeIDE/plugins/com.st.stm32cube.ide.mcu.externaltools.gnu-tools-for-stm32.13.3.rel1.win32_1.0.0.202411081344/tools/bin/../lib/gcc/arm-none-eabi/13.3.1/../../../../arm-none-eabi/lib/thumb/v6-m/nofp\libc_nano.a(libc_a-reent.o)
                              ./Middlewares/Third_Party/FreeRTOS/Source/tasks.o (_reclaim_reent)
C:/ST/STM32CubeIDE_1.19.0/STM32CubeIDE/plugins/com.st.stm32cube.ide.mcu.externaltools.gnu-tools-for-stm32.13.3.rel1.win32_1.0.0.202411081344/tools/bin/../lib/gcc/arm-none-eabi/13.3.1/../../../../arm-none-eabi/lib/thumb/v6-m/nofp\libc_nano.a(libc_a-impure.o)
                              ./Middlewares/Third_Party/FreeRTOS/Source/tasks.o (_impure_ptr)
C:/ST/STM32CubeIDE_1.19.0/STM32CubeIDE/plugins/com.st.stm32cube.ide.mcu.externaltools.gnu-tools-for-stm32.13.3.rel1.win32_1.0.0.202411081344/tools/bin/../lib/gcc/arm-none-eabi/13.3.1/../../../../arm-none-eabi/lib/thumb/v6-m/nofp\libc_nano.a(libc_a-lseekr.o)
                              C:/ST/STM32CubeIDE_1.19.0/STM32CubeIDE/plugins/com.st.stm32cube.ide.mcu.externaltools.gnu-tools-for-stm32.13.3.rel1.win32_1.0.0.202411081344/tools/bin/../lib/gcc/arm-none-eabi/13.3.1/../../../../arm-none-eabi/lib/thumb/v6-m/nofp\libc_nano.a(libc_a-stdio.o) (_lseek_r)
C:/ST/STM32CubeIDE_1.19.0/STM32CubeIDE/plugins/com.st.stm32cube.ide.mcu.externaltools.gnu-tools-for-stm32.13.3.rel1.win32_1.0.0.202411081344/tools/bin/../lib/gcc/arm-none-eabi/13.3.1/../../../../arm-none-eabi/lib/thumb/v6-m/nofp\libc_nano.a(libc_a-readr.o)
                              C:/ST/STM32CubeIDE_1.19.0/STM32CubeIDE/plugins/com.st.stm32cube.ide.mcu.externaltools.gnu-tools-for-stm32.13.3.rel1.win32_1.0.0.202411081344/tools/bin/../lib/gcc/arm-none-eabi/13.3.1/../../../../arm-none-eabi/lib/thumb/v6-m/nofp\libc_nano.a(libc_a-stdio.o) (_read_r)
[...]
Memory Configuration

Name             Origin             Length             Attributes
RAM              0x20000000         0x00002000         xrw
FLASH            0x08000000         0x00010000         xr
*default*        0x00000000         0xffffffff

Linker script and memory map

LOAD C:/ST/STM32CubeIDE_1.19.0/STM32CubeIDE/plugins/com.st.stm32cube.ide.mcu.externaltools.gnu-tools-for-stm32.13.3.rel1.win32_1.0.0.202411081344/tools/bin/../lib/gcc/arm-none-eabi/13.3.1/thumb/v6-m/nofp/crti.o
LOAD C:/ST/STM32CubeIDE_1.19.0/STM32CubeIDE/plugins/com.st.stm32cube.ide.mcu.externaltools.gnu-tools-for-stm32.13.3.rel1.win32_1.0.0.202411081344/tools/bin/../lib/gcc/arm-none-eabi/13.3.1/thumb/v6-m/nofp/crtbegin.o
LOAD C:/ST/STM32CubeIDE_1.19.0/STM32CubeIDE/plugins/com.st.stm32cube.ide.mcu.externaltools.gnu-tools-for-stm32.13.3.rel1.win32_1.0.0.202411081344/tools/bin/../lib/gcc/arm-none-eabi/13.3.1/../../../../arm-none-eabi/lib/thumb/v6-m/nofp/crt0.o
LOAD ./App/Src/app_adc.o
LOAD ./App/Src/app_evse.o
LOAD ./App/Src/app_led.o
LOAD ./App/Src/app_main.o
LOAD ./App/Src/app_pwm.o
LOAD ./App/Src/app_relay.o
LOAD ./Core/Src/freertos.o
LOAD ./Core/Src/main.o
LOAD ./Core/Src/stm32f0xx_hal_msp.o
LOAD ./Core/Src/stm32f0xx_hal_timebase_tim.o
LOAD ./Core/Src/stm32f0xx_it.o
LOAD ./Core/Src/syscalls.o
LOAD ./Core/Src/sysmem.o
LOAD ./Core/Src/system_stm32f0xx.o
LOAD ./Core/Startup/startup_stm32f030c8tx.o
LOAD ./Drivers/STM32F0xx_HAL_Driver/Src/stm32f0xx_hal.o
LOAD ./Drivers/STM32F0xx_HAL_Driver/Src/stm32f0xx_hal_adc.o
LOAD ./Drivers/STM32F0xx_HAL_Driver/Src/stm32f0xx_hal_adc_ex.o
LOAD ./Drivers/STM32F0xx_HAL_Driver/Src/stm32f0xx_hal_cortex.o
LOAD ./Drivers/STM32F0xx_HAL_Driver/Src/stm32f0xx_hal_dma.o
LOAD ./Drivers/STM32F0xx_HAL_Driver/Src/stm32f0xx_hal_exti.o
LOAD ./Drivers/STM32F0xx_HAL_Driver/Src/stm32f0xx_hal_flash.o
LOAD ./Drivers/STM32F0xx_HAL_Driver/Src/stm32f0xx_hal_flash_ex.o
LOAD ./Drivers/STM32F0xx_HAL_Driver/Src/stm32f0xx_hal_gpio.o
LOAD ./Drivers/STM32F0xx_HAL_Driver/Src/stm32f0xx_hal_i2c.o
LOAD ./Drivers/STM32F0xx_HAL_Driver/Src/stm32f0xx_hal_i2c_ex.o
LOAD ./Drivers/STM32F0xx_HAL_Driver/Src/stm32f0xx_hal_pwr.o
LOAD ./Drivers/STM32F0xx_HAL_Driver/Src/stm32f0xx_hal_pwr_ex.o
LOAD ./Drivers/STM32F0xx_HAL_Driver/Src/stm32f0xx_hal_rcc.o
LOAD ./Drivers/STM32F0xx_HAL_Driver/Src/stm32f0xx_hal_rcc_ex.o
LOAD ./Drivers/STM32F0xx_HAL_Driver/Src/stm32f0xx_hal_tim.o
LOAD ./Drivers/STM32F0xx_HAL_Driver/Src/stm32f0xx_hal_tim_ex.o
LOAD ./Middlewares/Third_Party/FreeRTOS/Source/CMSIS_RTOS/cmsis_os.o
LOAD ./Middlewares/Third_Party/FreeRTOS/Source/croutine.o
LOAD ./Middlewares/Third_Party/FreeRTOS/Source/event_groups.o
LOAD ./Middlewares/Third_Party/FreeRTOS/Source/list.o
LOAD ./Middlewares/Third_Party/FreeRTOS/Source/queue.o
LOAD ./Middlewares/Third_Party/FreeRTOS/Source/stream_buffer.o
LOAD ./Middlewares/Third_Party/FreeRTOS/Source/tasks.o
LOAD ./Middlewares/Third_Party/FreeRTOS/Source/timers.o
LOAD ./Middlewares/Third_Party/FreeRTOS/Source/portable/GCC/ARM_CM0/port.o
LOAD ./Middlewares/Third_Party/FreeRTOS/Source/portable/MemMang/heap_4.o
START GROUP
LOAD C:/ST/STM32CubeIDE_1.19.0/STM32CubeIDE/plugins/com.st.stm32cube.ide.mcu.externaltools.gnu-tools-for-stm32.13.3.rel1.win32_1.0.0.202411081344/tools/bin/../lib/gcc/arm-none-eabi/13.3.1/../../../../arm-none-eabi/lib/thumb/v6-m/nofp\libc_nano.a
LOAD C:/ST/STM32CubeIDE_1.19.0/STM32CubeIDE/plugins/com.st.stm32cube.ide.mcu.externaltools.gnu-tools-for-stm32.13.3.rel1.win32_1.0.0.202411081344/tools/bin/../lib/gcc/arm-none-eabi/13.3.1/../../../../arm-none-eabi/lib/thumb/v6-m/nofp\libm.a
END GROUP
START GROUP
LOAD C:/ST/STM32CubeIDE_1.19.0/STM32CubeIDE/plugins/com.st.stm32cube.ide.mcu.externaltools.gnu-tools-for-stm32.13.3.rel1.win32_1.0.0.202411081344/tools/bin/../lib/gcc/arm-none-eabi/13.3.1/thumb/v6-m/nofp\libgcc.a
LOAD C:/ST/STM32CubeIDE_1.19.0/STM32CubeIDE/plugins/com.st.stm32cube.ide.mcu.externaltools.gnu-tools-for-stm32.13.3.rel1.win32_1.0.0.202411081344/tools/bin/../lib/gcc/arm-none-eabi/13.3.1/../../../../arm-none-eabi/lib/thumb/v6-m/nofp\libc_nano.a
END GROUP
START GROUP
LOAD C:/ST/STM32CubeIDE_1.19.0/STM32CubeIDE/plugins/com.st.stm32cube.ide.mcu.externaltools.gnu-tools-for-stm32.13.3.rel1.win32_1.0.0.202411081344/tools/bin/../lib/gcc/arm-none-eabi/13.3.1/thumb/v6-m/nofp\libgcc.a
LOAD C:/ST/STM32CubeIDE_1.19.0/STM32CubeIDE/plugins/com.st.stm32cube.ide.mcu.externaltools.gnu-tools-for-stm32.13.3.rel1.win32_1.0.0.202411081344/tools/bin/../lib/gcc/arm-none-eabi/13.3.1/../../../../arm-none-eabi/lib/thumb/v6-m/nofp\libc_nano.a
LOAD C:/ST/STM32CubeIDE_1.19.0/STM32CubeIDE/plugins/com.st.stm32cube.ide.mcu.externaltools.gnu-tools-for-stm32.13.3.rel1.win32_1.0.0.202411081344/tools/bin/../lib/gcc/arm-none-eabi/13.3.1/../../../../arm-none-eabi/lib/thumb/v6-m/nofp\libnosys.a
END GROUP
START GROUP
LOAD C:/ST/STM32CubeIDE_1.19.0/STM32CubeIDE/plugins/com.st.stm32cube.ide.mcu.externaltools.gnu-tools-for-stm32.13.3.rel1.win32_1.0.0.202411081344/tools/bin/../lib/gcc/arm-none-eabi/13.3.1/thumb/v6-m/nofp\libgcc.a
LOAD C:/ST/STM32CubeIDE_1.19.0/STM32CubeIDE/plugins/com.st.stm32cube.ide.mcu.externaltools.gnu-tools-for-stm32.13.3.rel1.win32_1.0.0.202411081344/tools/bin/../lib/gcc/arm-none-eabi/13.3.1/../../../../arm-none-eabi/lib/thumb/v6-m/nofp\libc_nano.a
LOAD C:/ST/STM32CubeIDE_1.19.0/STM32CubeIDE/plugins/com.st.stm32cube.ide.mcu.externaltools.gnu-tools-for-stm32.13.3.rel1.win32_1.0.0.202411081344/tools/bin/../lib/gcc/arm-none-eabi/13.3.1/../../../../arm-none-eabi/lib/thumb/v6-m/nofp\libnosys.a
END GROUP
LOAD C:/ST/STM32CubeIDE_1.19.0/STM32CubeIDE/plugins/com.st.stm32cube.ide.mcu.externaltools.gnu-tools-for-stm32.13.3.rel1.win32_1.0.0.202411081344/tools/bin/../lib/gcc/arm-none-eabi/13.3.1/thumb/v6-m/nofp/crtend.o
LOAD C:/ST/STM32CubeIDE_1.19.0/STM32CubeIDE/plugins/com.st.stm32cube.ide.mcu.externaltools.gnu-tools-for-stm32.13.3.rel1.win32_1.0.0.202411081344/tools/bin/../lib/gcc/arm-none-eabi/13.3.1/thumb/v6-m/nofp/crtn.o
                0x20002000                        _estack = (ORIGIN (RAM) + LENGTH (RAM))
                0x00000200                        _Min_Heap_Size = 0x200
                0x00000400                        _Min_Stack_Size = 0x400

.isr_vector     0x08000000       0xc0
                0x08000000                        . = ALIGN (0x4)
 *(.isr_vector)
 .isr_vector    0x08000000       0xc0 ./Core/Startup/startup_stm32f030c8tx.o
                0x08000000                g_pfnVectors
                0x080000c0                        . = ALIGN (0x4)

.text           0x080000c0     0x5e24
                0x080000c0                        . = ALIGN (0x4)
 *(.text)
 .text          0x080000c0       0x48 C:/ST/STM32CubeIDE_1.19.0/STM32CubeIDE/plugins/com.st.stm32cube.ide.mcu.externaltools.gnu-tools-for-stm32.13.3.rel1.win32_1.0.0.202411081344/tools/bin/../lib/gcc/arm-none-eabi/13.3.1/thumb/v6-m/nofp/crtbegin.o
 .text          0x08000108      0x114 C:/ST/STM32CubeIDE_1.19.0/STM32CubeIDE/plugins/com.st.stm32cube.ide.mcu.externaltools.gnu-tools-for-stm32.13.3.rel1.win32_1.0.0.202411081344/tools/bin/../lib/gcc/arm-none-eabi/13.3.1/thumb/v6-m/nofp\libgcc.a(_udivsi3.o)
                0x08000108                __aeabi_uidiv
                0x08000108                __udivsi3
                0x08000214                __aeabi_uidivmod
 .text          0x0800021c      0x1d4 C:/ST/STM32CubeIDE_1.19.0/STM32CubeIDE/plugins/com.st.stm32cube.ide.mcu.externaltools.gnu-tools-for-stm32.13.3.rel1.win32_1.0.0.202411081344/tools/bin/../lib/gcc/arm-none-eabi/13.3.1/thumb/v6-m/nofp\libgcc.a(_divsi3.o)
                0x0800021c                __divsi3
                0x0800021c                __aeabi_idiv
                0x080003e8                __aeabi_idivmod
 .text          0x080003f0        0x4 C:/ST/STM32CubeIDE_1.19.0/STM32CubeIDE/plugins/com.st.stm32cube.ide.mcu.externaltools.gnu-tools-for-stm32.13.3.rel1.win32_1.0.0.202411081344/tools/bin/../lib/gcc/arm-none-eabi/13.3.1/thumb/v6-m/nofp\libgcc.a(_dvmd_tls.o)
                0x080003f0                __aeabi_idiv0
                0x080003f0                __aeabi_ldiv0
 .text          0x080003f4      0x22c C:/ST/STM32CubeIDE_1.19.0/STM32CubeIDE/plugins/com.st.stm32cube.ide.mcu.externaltools.gnu-tools-for-stm32.13.3.rel1.win32_1.0.0.202411081344/tools/bin/../lib/gcc/arm-none-eabi/13.3.1/thumb/v6-m/nofp\libgcc.a(divsf3.o)
                0x080003f4                __aeabi_fdiv
 .text          0x08000620      0x2b4 C:/ST/STM32CubeIDE_1.19.0/STM32CubeIDE/plugins/com.st.stm32cube.ide.mcu.externaltools.gnu-tools-for-stm32.13.3.rel1.win32_1.0.0.202411081344/tools/bin/../lib/gcc/arm-none-eabi/13.3.1/thumb/v6-m/nofp\libgcc.a(mulsf3.o)
                0x08000620                __aeabi_fmul
 .text          0x080008d4      0x4c8 C:/ST/STM32CubeIDE_1.19.0/STM32CubeIDE/plugins/com.st.stm32cube.ide.mcu.externaltools.gnu-tools-for-stm32.13.3.rel1.win32_1.0.0.202411081344/tools/bin/../lib/gcc/arm-none-eabi/13.3.1/thumb/v6-m/nofp\libgcc.a(subsf3.o)
                0x080008d4                __aeabi_fsub
 .text          0x08000d9c       0x8c C:/ST/STM32CubeIDE_1.19.0/STM32CubeIDE/plugins/com.st.stm32cube.ide.mcu.externaltools.gnu-tools-for-stm32.13.3.rel1.win32_1.0.0.202411081344/tools/bin/../lib/gcc/arm-none-eabi/13.3.1/thumb/v6-m/nofp\libgcc.a(floatunsisf.o)
                0x08000d9c                __aeabi_ui2f
 .text          0x08000e28       0x3c C:/ST/STM32CubeIDE_1.19.0/STM32CubeIDE/plugins/com.st.stm32cube.ide.mcu.externaltools.gnu-tools-for-stm32.13.3.rel1.win32_1.0.0.202411081344/tools/bin/../lib/gcc/arm-none-eabi/13.3.1/thumb/v6-m/nofp\libgcc.a(_clzsi2.o)
                0x08000e28                __clzsi2
 *(.text*)
 .text.App_ADC_Start_DMA
                0x08000e64       0x20 ./App/Src/app_adc.o
                0x08000e64                App_ADC_Start_DMA
 .text.HAL_ADC_ConvCpltCallback
                0x08000e84       0x60 ./App/Src/app_adc.o
                0x08000e84                HAL_ADC_ConvCpltCallback
 .text.App_EVSE_Init
                0x08000ee4       0x14 ./App/Src/app_evse.o
                0x08000ee4                App_EVSE_Init
 .text.App_EVSE_Process
                0x08000ef8       0xd4 ./App/Src/app_evse.o
                0x08000ef8                App_EVSE_Process
 .text.vTask_EVSE_Logic
                0x08000fcc      0x158 ./App/Src/app_evse.o
                0x08000fcc                vTask_EVSE_Logic
 .text.App_LED_Init
                0x08001124       0x2c ./App/Src/app_led.o
                0x08001124                App_LED_Init
 .text.App_LED_SetState
                0x08001150       0xa8 ./App/Src/app_led.o
                0x08001150                App_LED_SetState
 .text.App_LED_ToggleHeartbeat
                0x080011f8       0x48 ./App/Src/app_led.o
                0x080011f8                App_LED_ToggleHeartbeat
 .text.vTask_LED_Heartbeat
                0x08001240       0x24 ./App/Src/app_led.o
                0x08001240                vTask_LED_Heartbeat
 .text.App_Init
                0x08001264       0x78 ./App/Src/app_main.o
                0x08001264                App_Init
 .text.App_PWM_Init
                0x080012dc       0x24 ./App/Src/app_pwm.o
                0x080012dc                App_PWM_Init
 .text.App_PWM_SetDutyCycle
                0x08001300       0x1c ./App/Src/app_pwm.o
                0x08001300                App_PWM_SetDutyCycle
 .text.App_Relay_Init
                0x0800131c       0x1a ./App/Src/app_relay.o
                0x0800131c                App_Relay_Init
 .text.App_Relay_TurnOn
                0x08001336       0x1a ./App/Src/app_relay.o
                0x08001336                App_Relay_TurnOn
 .text.App_Relay_TurnOff
                0x08001350       0x1a ./App/Src/app_relay.o
                0x08001350                App_Relay_TurnOff
 *fill*         0x0800136a        0x2 
 .text.vApplicationGetIdleTaskMemory
                0x0800136c       0x30 ./Core/Src/freertos.o
                0x0800136c                vApplicationGetIdleTaskMemory
 .text.main     0x0800139c       0x50 ./Core/Src/main.o
                0x0800139c                main
 .text.SystemClock_Config
                0x080013ec       0x8c ./Core/Src/main.o
                0x080013ec                SystemClock_Config
 .text.MX_ADC_Init
                0x08001478      0x104 ./Core/Src/main.o
 .text.MX_TIM1_Init
                0x0800157c      0x160 ./Core/Src/main.o
 .text.MX_GPIO_Init
                0x080016dc       0xcc ./Core/Src/main.o
 .text.StartDefaultTask
                0x080017a8       0x10 ./Core/Src/main.o
                0x080017a8                StartDefaultTask
 .text.HAL_TIM_PeriodElapsedCallback
                0x080017b8       0x24 ./Core/Src/main.o
                0x080017b8                HAL_TIM_PeriodElapsedCallback
 .text.Error_Handler
                0x080017dc        0xc ./Core/Src/main.o
                0x080017dc                Error_Handler
 .text.HAL_MspInit
                0x080017e8       0x54 ./Core/Src/stm32f0xx_hal_msp.o
                0x080017e8                HAL_MspInit
 .text.HAL_ADC_MspInit
                0x0800183c       0x8c ./Core/Src/stm32f0xx_hal_msp.o
                0x0800183c                HAL_ADC_MspInit
 .text.HAL_TIM_OC_MspInit
                0x080018c8       0x40 ./Core/Src/stm32f0xx_hal_msp.o
                0x080018c8                HAL_TIM_OC_MspInit
 .text.HAL_TIM_MspPostInit
                0x08001908       0x80 ./Core/Src/stm32f0xx_hal_msp.o
                0x08001908                HAL_TIM_MspPostInit
 .text.HAL_InitTick
                0x08001988      0x108 ./Core/Src/stm32f0xx_hal_timebase_tim.o
                0x08001988                HAL_InitTick
 .text.NMI_Handler
                0x08001a90        0x8 ./Core/Src/stm32f0xx_it.o
                0x08001a90                NMI_Handler
 .text.HardFault_Handler
                0x08001a98        0x8 ./Core/Src/stm32f0xx_it.o
                0x08001a98                HardFault_Handler
 .text.TIM3_IRQHandler
                0x08001aa0       0x18 ./Core/Src/stm32f0xx_it.o
                0x08001aa0                TIM3_IRQHandler
 .text.SystemInit
                0x08001ab8        0xa ./Core/Src/system_stm32f0xx.o
                0x08001ab8                SystemInit
 *fill*         0x08001ac2        0x2 
 .text.Reset_Handler
                0x08001ac4       0x50 ./Core/Startup/startup_stm32f030c8tx.o
                0x08001ac4                Reset_Handler
 .text.Default_Handler
                0x08001b14        0x2 ./Core/Startup/startup_stm32f030c8tx.o
                0x08001b14                TIM1_CC_IRQHandler
                0x08001b14                TIM6_IRQHandler
                0x08001b14                I2C1_IRQHandler
                0x08001b14                SPI1_IRQHandler
                0x08001b14                EXTI2_3_IRQHandler
                0x08001b14                ADC1_IRQHandler
                0x08001b14                I2C2_IRQHandler
                0x08001b14                TIM17_IRQHandler
                0x08001b14                RTC_IRQHandler
                0x08001b14                TIM16_IRQHandler
                0x08001b14                EXTI4_15_IRQHandler
                0x08001b14                RCC_IRQHandler
                0x08001b14                DMA1_Channel1_IRQHandler
                0x08001b14                Default_Handler
                0x08001b14                TIM14_IRQHandler
                0x08001b14                DMA1_Channel4_5_IRQHandler
                0x08001b14                TIM15_IRQHandler
                0x08001b14                EXTI0_1_IRQHandler
                0x08001b14                SPI2_IRQHandler
                0x08001b14                WWDG_IRQHandler
                0x08001b14                DMA1_Channel2_3_IRQHandler
                0x08001b14                USART2_IRQHandler
                0x08001b14                FLASH_IRQHandler
                0x08001b14                USART1_IRQHandler
                0x08001b14                TIM1_BRK_UP_TRG_COM_IRQHandler
 *fill*         0x08001b16        0x2 
 .text.HAL_Init
                0x08001b18       0x28 ./Drivers/STM32F0xx_HAL_Driver/Src/stm32f0xx_hal.o
                0x08001b18                HAL_Init
 .text.HAL_IncTick
                0x08001b40       0x24 ./Drivers/STM32F0xx_HAL_Driver/Src/stm32f0xx_hal.o
                0x08001b40                HAL_IncTick
 .text.HAL_GetTick
                0x08001b64       0x14 ./Drivers/STM32F0xx_HAL_Driver/Src/stm32f0xx_hal.o
                0x08001b64                HAL_GetTick
 .text.HAL_ADC_Init
                0x08001b78      0x280 ./Drivers/STM32F0xx_HAL_Driver/Src/stm32f0xx_hal_adc.o
                0x08001b78                HAL_ADC_Init
 .text.HAL_ADC_Start_DMA
                0x08001df8      0x104 ./Drivers/STM32F0xx_HAL_Driver/Src/stm32f0xx_hal_adc.o
                0x08001df8                HAL_ADC_Start_DMA
 .text.HAL_ADC_ConvHalfCpltCallback
                0x08001efc       0x10 ./Drivers/STM32F0xx_HAL_Driver/Src/stm32f0xx_hal_adc.o
                0x08001efc                HAL_ADC_ConvHalfCpltCallback
 .text.HAL_ADC_ErrorCallback
                0x08001f0c       0x10 ./Drivers/STM32F0xx_HAL_Driver/Src/stm32f0xx_hal_adc.o
                0x08001f0c                HAL_ADC_ErrorCallback
 .text.HAL_ADC_ConfigChannel
                0x08001f1c      0x1ec ./Drivers/STM32F0xx_HAL_Driver/Src/stm32f0xx_hal_adc.o
                0x08001f1c                HAL_ADC_ConfigChannel
 .text.ADC_Enable
                0x08002108      0x108 ./Drivers/STM32F0xx_HAL_Driver/Src/stm32f0xx_hal_adc.o
 .text.ADC_DMAConvCplt
                0x08002210       0xb4 ./Drivers/STM32F0xx_HAL_Driver/Src/stm32f0xx_hal_adc.o
 .text.ADC_DMAHalfConvCplt
                0x080022c4       0x1e ./Drivers/STM32F0xx_HAL_Driver/Src/stm32f0xx_hal_adc.o
 .text.ADC_DMAError
                0x080022e2       0x36 ./Drivers/STM32F0xx_HAL_Driver/Src/stm32f0xx_hal_adc.o
 .text.__NVIC_EnableIRQ
                0x08002318       0x34 ./Drivers/STM32F0xx_HAL_Driver/Src/stm32f0xx_hal_cortex.o
 .text.__NVIC_SetPriority
                0x0800234c       0xdc ./Drivers/STM32F0xx_HAL_Driver/Src/stm32f0xx_hal_cortex.o
 .text.HAL_NVIC_SetPriority
                0x08002428       0x2a ./Drivers/STM32F0xx_HAL_Driver/Src/stm32f0xx_hal_cortex.o
                0x08002428                HAL_NVIC_SetPriority
 .text.HAL_NVIC_EnableIRQ
                0x08002452       0x20 ./Drivers/STM32F0xx_HAL_Driver/Src/stm32f0xx_hal_cortex.o
                0x08002452                HAL_NVIC_EnableIRQ
 .text.HAL_DMA_Start_IT
                0x08002472       0xcc ./Drivers/STM32F0xx_HAL_Driver/Src/stm32f0xx_hal_dma.o
                0x08002472                HAL_DMA_Start_IT
 .text.DMA_SetConfig
                0x0800253e       0x58 ./Drivers/STM32F0xx_HAL_Driver/Src/stm32f0xx_hal_dma.o
 *fill*         0x08002596        0x2 
 .text.HAL_GPIO_Init
                0x08002598      0x2e0 ./Drivers/STM32F0xx_HAL_Driver/Src/stm32f0xx_hal_gpio.o
                0x08002598                HAL_GPIO_Init
 .text.HAL_GPIO_WritePin
                0x08002878       0x3a ./Drivers/STM32F0xx_HAL_Driver/Src/stm32f0xx_hal_gpio.o
                0x08002878                HAL_GPIO_WritePin
 .text.HAL_GPIO_TogglePin
                0x080028b2       0x36 ./Drivers/STM32F0xx_HAL_Driver/Src/stm32f0xx_hal_gpio.o
                0x080028b2                HAL_GPIO_TogglePin
 .text.HAL_RCC_OscConfig
                0x080028e8      0x634 ./Drivers/STM32F0xx_HAL_Driver/Src/stm32f0xx_hal_rcc.o
                0x080028e8                HAL_RCC_OscConfig
 .text.HAL_RCC_ClockConfig
                0x08002f1c      0x19c ./Drivers/STM32F0xx_HAL_Driver/Src/stm32f0xx_hal_rcc.o
                0x08002f1c                HAL_RCC_ClockConfig
 .text.HAL_RCC_GetSysClockFreq
                0x080030b8       0xac ./Drivers/STM32F0xx_HAL_Driver/Src/stm32f0xx_hal_rcc.o
                0x080030b8                HAL_RCC_GetSysClockFreq
 .text.HAL_RCC_GetHCLKFreq
                0x08003164       0x14 ./Drivers/STM32F0xx_HAL_Driver/Src/stm32f0xx_hal_rcc.o
                0x08003164                HAL_RCC_GetHCLKFreq
 .text.HAL_RCC_GetPCLK1Freq
                0x08003178       0x2c ./Drivers/STM32F0xx_HAL_Driver/Src/stm32f0xx_hal_rcc.o
                0x08003178                HAL_RCC_GetPCLK1Freq
 .text.HAL_RCC_GetClockConfig
                0x080031a4       0x54 ./Drivers/STM32F0xx_HAL_Driver/Src/stm32f0xx_hal_rcc.o
                0x080031a4                HAL_RCC_GetClockConfig
 .text.HAL_TIM_Base_Init
                0x080031f8       0xa0 ./Drivers/STM32F0xx_HAL_Driver/Src/stm32f0xx_hal_tim.o
                0x080031f8                HAL_TIM_Base_Init
 .text.HAL_TIM_Base_MspInit
                0x08003298       0x10 ./Drivers/STM32F0xx_HAL_Driver/Src/stm32f0xx_hal_tim.o
                0x08003298                HAL_TIM_Base_MspInit
 .text.HAL_TIM_Base_Start_IT
                0x080032a8       0x98 ./Drivers/STM32F0xx_HAL_Driver/Src/stm32f0xx_hal_tim.o
                0x080032a8                HAL_TIM_Base_Start_IT
 .text.HAL_TIM_OC_Init
                0x08003340       0xa0 ./Drivers/STM32F0xx_HAL_Driver/Src/stm32f0xx_hal_tim.o
                0x08003340                HAL_TIM_OC_Init
 .text.HAL_TIM_OC_Start
                0x080033e0      0x164 ./Drivers/STM32F0xx_HAL_Driver/Src/stm32f0xx_hal_tim.o
                0x080033e0                HAL_TIM_OC_Start
 .text.HAL_TIM_PWM_Init
                0x08003544       0xa0 ./Drivers/STM32F0xx_HAL_Driver/Src/stm32f0xx_hal_tim.o
                0x08003544                HAL_TIM_PWM_Init
 .text.HAL_TIM_PWM_MspInit
                0x080035e4       0x10 ./Drivers/STM32F0xx_HAL_Driver/Src/stm32f0xx_hal_tim.o
                0x080035e4                HAL_TIM_PWM_MspInit
 .text.HAL_TIM_PWM_Start
                0x080035f4      0x164 ./Drivers/STM32F0xx_HAL_Driver/Src/stm32f0xx_hal_tim.o
                0x080035f4                HAL_TIM_PWM_Start
 .text.HAL_TIM_IRQHandler
                0x08003758      0x1dc ./Drivers/STM32F0xx_HAL_Driver/Src/stm32f0xx_hal_tim.o
                0x08003758                HAL_TIM_IRQHandler
 .text.HAL_TIM_OC_ConfigChannel
                0x08003934       0xb0 ./Drivers/STM32F0xx_HAL_Driver/Src/stm32f0xx_hal_tim.o
                0x08003934                HAL_TIM_OC_ConfigChannel
 .text.HAL_TIM_PWM_ConfigChannel
                0x080039e4      0x18c ./Drivers/STM32F0xx_HAL_Driver/Src/stm32f0xx_hal_tim.o
                0x080039e4                HAL_TIM_PWM_ConfigChannel
 .text.HAL_TIM_OC_DelayElapsedCallback
                0x08003b70       0x10 ./Drivers/STM32F0xx_HAL_Driver/Src/stm32f0xx_hal_tim.o
                0x08003b70                HAL_TIM_OC_DelayElapsedCallback
 .text.HAL_TIM_IC_CaptureCallback
                0x08003b80       0x10 ./Drivers/STM32F0xx_HAL_Driver/Src/stm32f0xx_hal_tim.o
                0x08003b80                HAL_TIM_IC_CaptureCallback
 .text.HAL_TIM_PWM_PulseFinishedCallback
                0x08003b90       0x10 ./Drivers/STM32F0xx_HAL_Driver/Src/stm32f0xx_hal_tim.o
                0x08003b90                HAL_TIM_PWM_PulseFinishedCallback
 .text.HAL_TIM_TriggerCallback
                0x08003ba0       0x10 ./Drivers/STM32F0xx_HAL_Driver/Src/stm32f0xx_hal_tim.o
                0x08003ba0                HAL_TIM_TriggerCallback
 .text.TIM_Base_SetConfig
                0x08003bb0      0x108 ./Drivers/STM32F0xx_HAL_Driver/Src/stm32f0xx_hal_tim.o
                0x08003bb0                TIM_Base_SetConfig
 .text.TIM_OC1_SetConfig
                0x08003cb8      0x110 ./Drivers/STM32F0xx_HAL_Driver/Src/stm32f0xx_hal_tim.o
 .text.TIM_OC2_SetConfig
                0x08003dc8      0x108 ./Drivers/STM32F0xx_HAL_Driver/Src/stm32f0xx_hal_tim.o
                0x08003dc8                TIM_OC2_SetConfig
 .text.TIM_OC3_SetConfig
                0x08003ed0      0x10c ./Drivers/STM32F0xx_HAL_Driver/Src/stm32f0xx_hal_tim.o
 .text.TIM_OC4_SetConfig
                0x08003fdc       0xd4 ./Drivers/STM32F0xx_HAL_Driver/Src/stm32f0xx_hal_tim.o
 .text.TIM_CCxChannelCmd
                0x080040b0       0x46 ./Drivers/STM32F0xx_HAL_Driver/Src/stm32f0xx_hal_tim.o
                0x080040b0                TIM_CCxChannelCmd
 *fill*         0x080040f6        0x2 
 .text.HAL_TIMEx_MasterConfigSynchronization
                0x080040f8       0xb0 ./Drivers/STM32F0xx_HAL_Driver/Src/stm32f0xx_hal_tim_ex.o
                0x080040f8                HAL_TIMEx_MasterConfigSynchronization
 .text.HAL_TIMEx_ConfigBreakDeadTime
                0x080041a8       0xbc ./Drivers/STM32F0xx_HAL_Driver/Src/stm32f0xx_hal_tim_ex.o
                0x080041a8                HAL_TIMEx_ConfigBreakDeadTime
 .text.HAL_TIMEx_CommutCallback
                0x08004264       0x10 ./Drivers/STM32F0xx_HAL_Driver/Src/stm32f0xx_hal_tim_ex.o
                0x08004264                HAL_TIMEx_CommutCallback
 .text.HAL_TIMEx_BreakCallback
                0x08004274       0x10 ./Drivers/STM32F0xx_HAL_Driver/Src/stm32f0xx_hal_tim_ex.o
                0x08004274                HAL_TIMEx_BreakCallback
 .text.makeFreeRtosPriority
                0x08004284       0x32 ./Middlewares/Third_Party/FreeRTOS/Source/CMSIS_RTOS/cmsis_os.o
 .text.osKernelStart
                0x080042b6       0x10 ./Middlewares/Third_Party/FreeRTOS/Source/CMSIS_RTOS/cmsis_os.o
                0x080042b6                osKernelStart
 .text.osThreadCreate
                0x080042c6       0x9a ./Middlewares/Third_Party/FreeRTOS/Source/CMSIS_RTOS/cmsis_os.o
                0x080042c6                osThreadCreate
 .text.osDelay  0x08004360       0x28 ./Middlewares/Third_Party/FreeRTOS/Source/CMSIS_RTOS/cmsis_os.o
                0x08004360                osDelay
 .text.vListInitialise
                0x08004388       0x3c ./Middlewares/Third_Party/FreeRTOS/Source/list.o
                0x08004388                vListInitialise
 .text.vListInitialiseItem
                0x080043c4       0x16 ./Middlewares/Third_Party/FreeRTOS/Source/list.o
                0x080043c4                vListInitialiseItem
 .text.vListInsertEnd
                0x080043da       0x44 ./Middlewares/Third_Party/FreeRTOS/Source/list.o
                0x080043da                vListInsertEnd
 .text.vListInsert
                0x0800441e       0x6c ./Middlewares/Third_Party/FreeRTOS/Source/list.o
                0x0800441e                vListInsert
 .text.uxListRemove
                0x0800448a       0x50 ./Middlewares/Third_Party/FreeRTOS/Source/list.o
                0x0800448a                uxListRemove
 .text.xQueueGenericReset
                0x080044da       0xaa ./Middlewares/Third_Party/FreeRTOS/Source/queue.o
                0x080044da                xQueueGenericReset
 .text.xQueueGenericCreate
                0x08004584       0x6e ./Middlewares/Third_Party/FreeRTOS/Source/queue.o
                0x08004584                xQueueGenericCreate
 .text.prvInitialiseNewQueue
                0x080045f2       0x44 ./Middlewares/Third_Party/FreeRTOS/Source/queue.o
 .text.xQueueGenericSendFromISR
                0x08004636       0xe8 ./Middlewares/Third_Party/FreeRTOS/Source/queue.o
                0x08004636                xQueueGenericSendFromISR
 .text.xQueueReceive
                0x0800471e      0x170 ./Middlewares/Third_Party/FreeRTOS/Source/queue.o
                0x0800471e                xQueueReceive
 .text.prvCopyDataToQueue
                0x0800488e       0xd6 ./Middlewares/Third_Party/FreeRTOS/Source/queue.o
 .text.prvCopyDataFromQueue
                0x08004964       0x4c ./Middlewares/Third_Party/FreeRTOS/Source/queue.o
 .text.prvUnlockQueue
                0x080049b0       0xbc ./Middlewares/Third_Party/FreeRTOS/Source/queue.o
 .text.prvIsQueueEmpty
                0x08004a6c       0x2c ./Middlewares/Third_Party/FreeRTOS/Source/queue.o
 .text.xTaskCreateStatic
                0x08004a98       0x8c ./Middlewares/Third_Party/FreeRTOS/Source/tasks.o
                0x08004a98                xTaskCreateStatic
 .text.xTaskCreate
                0x08004b24       0x98 ./Middlewares/Third_Party/FreeRTOS/Source/tasks.o
                0x08004b24                xTaskCreate
 .text.prvInitialiseNewTask
                0x08004bbc      0x124 ./Middlewares/Third_Party/FreeRTOS/Source/tasks.o
 .text.prvAddNewTaskToReadyList
                0x08004ce0       0xc8 ./Middlewares/Third_Party/FreeRTOS/Source/tasks.o
 .text.vTaskDelay
                0x08004da8       0x4c ./Middlewares/Third_Party/FreeRTOS/Source/tasks.o
                0x08004da8                vTaskDelay
 .text.vTaskStartScheduler
                0x08004df4       0xb0 ./Middlewares/Third_Party/FreeRTOS/Source/tasks.o
                0x08004df4                vTaskStartScheduler
 .text.vTaskSuspendAll
                0x08004ea4       0x18 ./Middlewares/Third_Party/FreeRTOS/Source/tasks.o
                0x08004ea4                vTaskSuspendAll
 .text.xTaskResumeAll
                0x08004ebc      0x118 ./Middlewares/Third_Party/FreeRTOS/Source/tasks.o
                0x08004ebc                xTaskResumeAll
 .text.xTaskIncrementTick
                0x08004fd4      0x16c ./Middlewares/Third_Party/FreeRTOS/Source/tasks.o
                0x08004fd4                xTaskIncrementTick
 .text.vTaskSwitchContext
                0x08005140       0xb4 ./Middlewares/Third_Party/FreeRTOS/Source/tasks.o
                0x08005140                vTaskSwitchContext
 .text.vTaskPlaceOnEventList
                0x080051f4       0x40 ./Middlewares/Third_Party/FreeRTOS/Source/tasks.o
                0x080051f4                vTaskPlaceOnEventList
 .text.xTaskRemoveFromEventList
                0x08005234       0xbc ./Middlewares/Third_Party/FreeRTOS/Source/tasks.o
                0x08005234                xTaskRemoveFromEventList
 .text.vTaskInternalSetTimeOutState
                0x080052f0       0x28 ./Middlewares/Third_Party/FreeRTOS/Source/tasks.o
                0x080052f0                vTaskInternalSetTimeOutState
 .text.xTaskCheckForTimeOut
                0x08005318       0xa4 ./Middlewares/Third_Party/FreeRTOS/Source/tasks.o
                0x08005318                xTaskCheckForTimeOut
 .text.vTaskMissedYield
                0x080053bc       0x14 ./Middlewares/Third_Party/FreeRTOS/Source/tasks.o
                0x080053bc                vTaskMissedYield
 .text.prvIdleTask
                0x080053d0       0x20 ./Middlewares/Third_Party/FreeRTOS/Source/tasks.o
 .text.prvInitialiseTaskLists
                0x080053f0       0x88 ./Middlewares/Third_Party/FreeRTOS/Source/tasks.o
 .text.prvCheckTasksWaitingTermination
                0x08005478       0x5c ./Middlewares/Third_Party/FreeRTOS/Source/tasks.o
 .text.prvDeleteTCB
                0x080054d4       0x5c ./Middlewares/Third_Party/FreeRTOS/Source/tasks.o
 .text.prvResetNextTaskUnblockTime
                0x08005530       0x48 ./Middlewares/Third_Party/FreeRTOS/Source/tasks.o
 .text.xTaskGetSchedulerState
                0x08005578       0x38 ./Middlewares/Third_Party/FreeRTOS/Source/tasks.o
                0x08005578                xTaskGetSchedulerState
 .text.xTaskPriorityDisinherit
                0x080055b0       0xbc ./Middlewares/Third_Party/FreeRTOS/Source/tasks.o
                0x080055b0                xTaskPriorityDisinherit
 .text.prvAddCurrentTaskToDelayedList
                0x0800566c       0xa8 ./Middlewares/Third_Party/FreeRTOS/Source/tasks.o
 .text.pxPortInitialiseStack
                0x08005714       0x54 ./Middlewares/Third_Party/FreeRTOS/Source/portable/GCC/ARM_CM0/port.o
                0x08005714                pxPortInitialiseStack
 .text.prvTaskExitError
                0x08005768       0x30 ./Middlewares/Third_Party/FreeRTOS/Source/portable/GCC/ARM_CM0/port.o
 .text.SVC_Handler
                0x08005798        0xa ./Middlewares/Third_Party/FreeRTOS/Source/portable/GCC/ARM_CM0/port.o
                0x08005798                SVC_Handler
 *fill*         0x080057a2        0xe 
 .text.vPortStartFirstTask
                0x080057b0       0x38 ./Middlewares/Third_Party/FreeRTOS/Source/portable/GCC/ARM_CM0/port.o
 .text.xPortStartScheduler
                0x080057e8       0x48 ./Middlewares/Third_Party/FreeRTOS/Source/portable/GCC/ARM_CM0/port.o
                0x080057e8                xPortStartScheduler
 .text.vPortYield
                0x08005830       0x20 ./Middlewares/Third_Party/FreeRTOS/Source/portable/GCC/ARM_CM0/port.o
                0x08005830                vPortYield
 .text.vPortEnterCritical
                0x08005850       0x24 ./Middlewares/Third_Party/FreeRTOS/Source/portable/GCC/ARM_CM0/port.o
                0x08005850                vPortEnterCritical
 .text.vPortExitCritical
                0x08005874       0x30 ./Middlewares/Third_Party/FreeRTOS/Source/portable/GCC/ARM_CM0/port.o
                0x08005874                vPortExitCritical
 .text.ulSetInterruptMaskFromISR
                0x080058a4        0xc ./Middlewares/Third_Party/FreeRTOS/Source/portable/GCC/ARM_CM0/port.o
                0x080058a4                ulSetInterruptMaskFromISR
 .text.vClearInterruptMaskFromISR
                0x080058b0        0x8 ./Middlewares/Third_Party/FreeRTOS/Source/portable/GCC/ARM_CM0/port.o
                0x080058b0                vClearInterruptMaskFromISR
 *fill*         0x080058b8        0x8 
 .text.PendSV_Handler
                0x080058c0       0x48 ./Middlewares/Third_Party/FreeRTOS/Source/portable/GCC/ARM_CM0/port.o
                0x080058c0                PendSV_Handler
 .text.SysTick_Handler
                0x08005908       0x34 ./Middlewares/Third_Party/FreeRTOS/Source/portable/GCC/ARM_CM0/port.o
                0x08005908                SysTick_Handler
 .text.prvSetupTimerInterrupt
                0x0800593c       0x44 ./Middlewares/Third_Party/FreeRTOS/Source/portable/GCC/ARM_CM0/port.o
 .text.pvPortMalloc
                0x08005980      0x150 ./Middlewares/Third_Party/FreeRTOS/Source/portable/MemMang/heap_4.o
                0x08005980                pvPortMalloc
 .text.vPortFree
                0x08005ad0       0x94 ./Middlewares/Third_Party/FreeRTOS/Source/portable/MemMang/heap_4.o
                0x08005ad0                vPortFree
 .text.prvHeapInit
                0x08005b64       0xc0 ./Middlewares/Third_Party/FreeRTOS/Source/portable/MemMang/heap_4.o
 .text.prvInsertBlockIntoFreeList
                0x08005c24       0xb0 ./Middlewares/Third_Party/FreeRTOS/Source/portable/MemMang/heap_4.o
 .text.memset   0x08005cd4       0x10 C:/ST/STM32CubeIDE_1.19.0/STM32CubeIDE/plugins/com.st.stm32cube.ide.mcu.externaltools.gnu-tools-for-stm32.13.3.rel1.win32_1.0.0.202411081344/tools/bin/../lib/gcc/arm-none-eabi/13.3.1/../../../../arm-none-eabi/lib/thumb/v6-m/nofp\libc_nano.a(libc_a-memset.o)
                0x08005cd4                memset
 .text._reclaim_reent
                0x08005ce4       0xd4 C:/ST/STM32CubeIDE_1.19.0/STM32CubeIDE/plugins/com.st.stm32cube.ide.mcu.externaltools.gnu-tools-for-stm32.13.3.rel1.win32_1.0.0.202411081344/tools/bin/../lib/gcc/arm-none-eabi/13.3.1/../../../../arm-none-eabi/lib/thumb/v6-m/nofp\libc_nano.a(libc_a-reent.o)
                0x08005ce4                _reclaim_reent
 .text.__libc_init_array
                0x08005db8       0x48 C:/ST/STM32CubeIDE_1.19.0/STM32CubeIDE/plugins/com.st.stm32cube.ide.mcu.externaltools.gnu-tools-for-stm32.13.3.rel1.win32_1.0.0.202411081344/tools/bin/../lib/gcc/arm-none-eabi/13.3.1/../../../../arm-none-eabi/lib/thumb/v6-m/nofp\libc_nano.a(libc_a-init.o)
                0x08005db8                __libc_init_array
 .text.__retarget_lock_acquire_recursive
                0x08005e00        0x2 C:/ST/STM32CubeIDE_1.19.0/STM32CubeIDE/plugins/com.st.stm32cube.ide.mcu.externaltools.gnu-tools-for-stm32.13.3.rel1.win32_1.0.0.202411081344/tools/bin/../lib/gcc/arm-none-eabi/13.3.1/../../../../arm-none-eabi/lib/thumb/v6-m/nofp\libc_nano.a(libc_a-lock.o)
                0x08005e00                __retarget_lock_acquire_recursive
 .text.__retarget_lock_release_recursive
                0x08005e02        0x2 C:/ST/STM32CubeIDE_1.19.0/STM32CubeIDE/plugins/com.st.stm32cube.ide.mcu.externaltools.gnu-tools-for-stm32.13.3.rel1.win32_1.0.0.202411081344/tools/bin/../lib/gcc/arm-none-eabi/13.3.1/../../../../arm-none-eabi/lib/thumb/v6-m/nofp\libc_nano.a(libc_a-lock.o)
                0x08005e02                __retarget_lock_release_recursive
 .text.memcpy   0x08005e04       0x12 C:/ST/STM32CubeIDE_1.19.0/STM32CubeIDE/plugins/com.st.stm32cube.ide.mcu.externaltools.gnu-tools-for-stm32.13.3.rel1.win32_1.0.0.202411081344/tools/bin/../lib/gcc/arm-none-eabi/13.3.1/../../../../arm-none-eabi/lib/thumb/v6-m/nofp\libc_nano.a(libc_a-memcpy-stub.o)
                0x08005e04                memcpy
 *fill*         0x08005e16        0x2 
 .text._free_r  0x08005e18       0x94 C:/ST/STM32CubeIDE_1.19.0/STM32CubeIDE/plugins/com.st.stm32cube.ide.mcu.externaltools.gnu-tools-for-stm32.13.3.rel1.win32_1.0.0.202411081344/tools/bin/../lib/gcc/arm-none-eabi/13.3.1/../../../../arm-none-eabi/lib/thumb/v6-m/nofp\libc_nano.a(libc_a-freer.o)
                0x08005e18                _free_r
 .text.__malloc_lock
                0x08005eac       0x10 C:/ST/STM32CubeIDE_1.19.0/STM32CubeIDE/plugins/com.st.stm32cube.ide.mcu.externaltools.gnu-tools-for-stm32.13.3.rel1.win32_1.0.0.202411081344/tools/bin/../lib/gcc/arm-none-eabi/13.3.1/../../../../arm-none-eabi/lib/thumb/v6-m/nofp\libc_nano.a(libc_a-mlock.o)
                0x08005eac                __malloc_lock
 .text.__malloc_unlock
                0x08005ebc       0x10 C:/ST/STM32CubeIDE_1.19.0/STM32CubeIDE/plugins/com.st.stm32cube.ide.mcu.externaltools.gnu-tools-for-stm32.13.3.rel1.win32_1.0.0.202411081344/tools/bin/../lib/gcc/arm-none-eabi/13.3.1/../../../../arm-none-eabi/lib/thumb/v6-m/nofp\libc_nano.a(libc_a-mlock.o)
                0x08005ebc                __malloc_unlock
 *(.glue_7)
 .glue_7        0x08005ecc        0x0 linker stubs
 *(.glue_7t)
 .glue_7t       0x08005ecc        0x0 linker stubs
 *(.eh_frame)
 .eh_frame      0x08005ecc        0x0 C:/ST/STM32CubeIDE_1.19.0/STM32CubeIDE/plugins/com.st.stm32cube.ide.mcu.externaltools.gnu-tools-for-stm32.13.3.rel1.win32_1.0.0.202411081344/tools/bin/../lib/gcc/arm-none-eabi/13.3.1/thumb/v6-m/nofp/crtbegin.o
 *(.init)
 .init          0x08005ecc        0x4 C:/ST/STM32CubeIDE_1.19.0/STM32CubeIDE/plugins/com.st.stm32cube.ide.mcu.externaltools.gnu-tools-for-stm32.13.3.rel1.win32_1.0.0.202411081344/tools/bin/../lib/gcc/arm-none-eabi/13.3.1/thumb/v6-m/nofp/crti.o
                0x08005ecc                _init
 .init          0x08005ed0        0x8 C:/ST/STM32CubeIDE_1.19.0/STM32CubeIDE/plugins/com.st.stm32cube.ide.mcu.externaltools.gnu-tools-for-stm32.13.3.rel1.win32_1.0.0.202411081344/tools/bin/../lib/gcc/arm-none-eabi/13.3.1/thumb/v6-m/nofp/crtn.o
 *(.fini)
 .fini          0x08005ed8        0x4 C:/ST/STM32CubeIDE_1.19.0/STM32CubeIDE/plugins/com.st.stm32cube.ide.mcu.externaltools.gnu-tools-for-stm32.13.3.rel1.win32_1.0.0.202411081344/tools/bin/../lib/gcc/arm-none-eabi/13.3.1/thumb/v6-m/nofp/crti.o
                0x08005ed8                _fini
 .fini          0x08005edc        0x8 C:/ST/STM32CubeIDE_1.19.0/STM32CubeIDE/plugins/com.st.stm32cube.ide.mcu.externaltools.gnu-tools-for-stm32.13.3.rel1.win32_1.0.0.202411081344/tools/bin/../lib/gcc/arm-none-eabi/13.3.1/thumb/v6-m/nofp/crtn.o
                0x08005ee4                        . = ALIGN (0x4)
                0x08005ee4                        _etext = .

.vfp11_veneer   0x08005ee4        0x0
 .vfp11_veneer  0x08005ee4        0x0 linker stubs

.v4_bx          0x08005ee4        0x0
 .v4_bx         0x08005ee4        0x0 linker stubs

.iplt           0x08005ee4        0x0
 .iplt          0x08005ee4        0x0 C:/ST/STM32CubeIDE_1.19.0/STM32CubeIDE/plugins/com.st.stm32cube.ide.mcu.externaltools.gnu-tools-for-stm32.13.3.rel1.win32_1.0.0.202411081344/tools/bin/../lib/gcc/arm-none-eabi/13.3.1/thumb/v6-m/nofp/crtbegin.o

.rodata         0x08005ee4       0xfc
                0x08005ee4                        . = ALIGN (0x4)
 *(.rodata)
 .rodata        0x08005ee4       0x15 ./App/Src/app_main.o
 *fill*         0x08005ef9        0x3 
 .rodata        0x08005efc       0x28 ./Core/Src/main.o
 .rodata        0x08005f24        0x5 ./Middlewares/Third_Party/FreeRTOS/Source/tasks.o
 *fill*         0x08005f29        0x3 
 .rodata        0x08005f2c       0x7c C:/ST/STM32CubeIDE_1.19.0/STM32CubeIDE/plugins/com.st.stm32cube.ide.mcu.externaltools.gnu-tools-for-stm32.13.3.rel1.win32_1.0.0.202411081344/tools/bin/../lib/gcc/arm-none-eabi/13.3.1/thumb/v6-m/nofp\libgcc.a(divsf3.o)
 *(.rodata*)
 .rodata.AHBPrescTable
                0x08005fa8       0x10 ./Core/Src/system_stm32f0xx.o
                0x08005fa8                AHBPrescTable
 .rodata.APBPrescTable
                0x08005fb8        0x8 ./Core/Src/system_stm32f0xx.o
                0x08005fb8                APBPrescTable
 .rodata.aPLLMULFactorTable.1
                0x08005fc0       0x10 ./Drivers/STM32F0xx_HAL_Driver/Src/stm32f0xx_hal_rcc.o
 .rodata.aPredivFactorTable.0
                0x08005fd0       0x10 ./Drivers/STM32F0xx_HAL_Driver/Src/stm32f0xx_hal_rcc.o
                0x08005fe0                        . = ALIGN (0x4)

.ARM.extab      0x08005fe0        0x0
                0x08005fe0                        . = ALIGN (0x4)
 *(.ARM.extab* .gnu.linkonce.armextab.*)
                0x08005fe0                        . = ALIGN (0x4)

.ARM            0x08005fe0        0x0
                0x08005fe0                        . = ALIGN (0x4)
                0x08005fe0                        __exidx_start = .
 *(.ARM.exidx*)
                0x08005fe0                        __exidx_end = .
                0x08005fe0                        . = ALIGN (0x4)

.preinit_array  0x08005fe0        0x0
                0x08005fe0                        . = ALIGN (0x4)
                0x08005fe0                        PROVIDE (__preinit_array_start = .)
 *(.preinit_array*)
                0x08005fe0                        PROVIDE (__preinit_array_end = .)
                0x08005fe0                        . = ALIGN (0x4)

.init_array     0x08005fe0        0x4
                0x08005fe0                        . = ALIGN (0x4)
                0x08005fe0                        PROVIDE (__init_array_start = .)
 *(SORT_BY_NAME(.init_array.*))
 *(.init_array*)
 .init_array    0x08005fe0        0x4 C:/ST/STM32CubeIDE_1.19.0/STM32CubeIDE/plugins/com.st.stm32cube.ide.mcu.externaltools.gnu-tools-for-stm32.13.3.rel1.win32_1.0.0.202411081344/tools/bin/../lib/gcc/arm-none-eabi/13.3.1/thumb/v6-m/nofp/crtbegin.o
                0x08005fe4                        PROVIDE (__init_array_end = .)
                0x08005fe4                        . = ALIGN (0x4)

.fini_array     0x08005fe4        0x4
                0x08005fe4                        . = ALIGN (0x4)
                [!provide]                        PROVIDE (__fini_array_start = .)
 *(SORT_BY_NAME(.fini_array.*))
 *(.fini_array*)
 .fini_array    0x08005fe4        0x4 C:/ST/STM32CubeIDE_1.19.0/STM32CubeIDE/plugins/com.st.stm32cube.ide.mcu.externaltools.gnu-tools-for-stm32.13.3.rel1.win32_1.0.0.202411081344/tools/bin/../lib/gcc/arm-none-eabi/13.3.1/thumb/v6-m/nofp/crtbegin.o
                [!provide]                        PROVIDE (__fini_array_end = .)
                0x08005fe8                        . = ALIGN (0x4)
                0x08005fe8                        _sidata = LOADADDR (.data)

.rel.dyn        0x08005fe8        0x0
 .rel.iplt      0x08005fe8        0x0 C:/ST/STM32CubeIDE_1.19.0/STM32CubeIDE/plugins/com.st.stm32cube.ide.mcu.externaltools.gnu-tools-for-stm32.13.3.rel1.win32_1.0.0.202411081344/tools/bin/../lib/gcc/arm-none-eabi/13.3.1/thumb/v6-m/nofp/crtbegin.o

.data           0x20000000       0x64 load address 0x08005fe8
                0x20000000                        . = ALIGN (0x4)
                0x20000000                        _sdata = .
 *(.data)
 *(.data*)
 .data.current_evse_state
                0x20000000        0x1 ./App/Src/app_evse.o
                0x20000000                current_evse_state
 *fill*         0x20000001        0x3 
 .data.SystemCoreClock
                0x20000004        0x4 ./Core/Src/system_stm32f0xx.o
                0x20000004                SystemCoreClock
 .data.uwTickPrio
                0x20000008        0x4 ./Drivers/STM32F0xx_HAL_Driver/Src/stm32f0xx_hal.o
                0x20000008                uwTickPrio
 .data.uwTickFreq
                0x2000000c        0x1 ./Drivers/STM32F0xx_HAL_Driver/Src/stm32f0xx_hal.o
                0x2000000c                uwTickFreq
 *fill*         0x2000000d        0x3 
 .data.uxCriticalNesting
                0x20000010        0x4 ./Middlewares/Third_Party/FreeRTOS/Source/portable/GCC/ARM_CM0/port.o
 .data._impure_ptr
                0x20000014        0x4 C:/ST/STM32CubeIDE_1.19.0/STM32CubeIDE/plugins/com.st.stm32cube.ide.mcu.externaltools.gnu-tools-for-stm32.13.3.rel1.win32_1.0.0.202411081344/tools/bin/../lib/gcc/arm-none-eabi/13.3.1/../../../../arm-none-eabi/lib/thumb/v6-m/nofp\libc_nano.a(libc_a-impure.o)
                0x20000014                _impure_ptr
 .data._impure_data
                0x20000018       0x4c C:/ST/STM32CubeIDE_1.19.0/STM32CubeIDE/plugins/com.st.stm32cube.ide.mcu.externaltools.gnu-tools-for-stm32.13.3.rel1.win32_1.0.0.202411081344/tools/bin/../lib/gcc/arm-none-eabi/13.3.1/../../../../arm-none-eabi/lib/thumb/v6-m/nofp\libc_nano.a(libc_a-impure.o)
                0x20000018                _impure_data
 *(.RamFunc)
 *(.RamFunc*)
                0x20000064                        . = ALIGN (0x4)
                0x20000064                        _edata = .

.igot.plt       0x20000064        0x0 load address 0x0800604c
 .igot.plt      0x20000064        0x0 C:/ST/STM32CubeIDE_1.19.0/STM32CubeIDE/plugins/com.st.stm32cube.ide.mcu.externaltools.gnu-tools-for-stm32.13.3.rel1.win32_1.0.0.202411081344/tools/bin/../lib/gcc/arm-none-eabi/13.3.1/thumb/v6-m/nofp/crtbegin.o
                0x20000064                        . = ALIGN (0x4)

.bss            0x20000064     0x123c load address 0x0800604c
                0x20000064                        _sbss = .
                0x20000064                        __bss_start__ = _sbss
 *(.bss)
 .bss           0x20000064       0x1c C:/ST/STM32CubeIDE_1.19.0/STM32CubeIDE/plugins/com.st.stm32cube.ide.mcu.externaltools.gnu-tools-for-stm32.13.3.rel1.win32_1.0.0.202411081344/tools/bin/../lib/gcc/arm-none-eabi/13.3.1/thumb/v6-m/nofp/crtbegin.o
 *(.bss*)
 .bss.adc_dma_buffer
                0x20000080       0x10 ./App/Src/app_adc.o
                0x20000080                adc_dma_buffer
 .bss.actual_temp_c
                0x20000090        0x4 ./App/Src/app_evse.o
                0x20000090                actual_temp_c
 .bss.last_state.0
                0x20000094        0x1 ./App/Src/app_led.o
 *fill*         0x20000095        0x3 
 .bss.xAdcDataQueue
                0x20000098        0x4 ./App/Src/app_main.o
                0x20000098                xAdcDataQueue
 .bss.xEvseTaskHandle
                0x2000009c        0x4 ./App/Src/app_main.o
                0x2000009c                xEvseTaskHandle
 .bss.xLedTaskHandle
                0x200000a0        0x4 ./App/Src/app_main.o
                0x200000a0                xLedTaskHandle
 .bss.xIdleTaskTCBBuffer
                0x200000a4       0xa0 ./Core/Src/freertos.o
 .bss.xIdleStack
                0x20000144      0x200 ./Core/Src/freertos.o
 .bss.hadc      0x20000344       0x40 ./Core/Src/main.o
                0x20000344                hadc
 .bss.htim1     0x20000384       0x48 ./Core/Src/main.o
                0x20000384                htim1
 .bss.defaultTaskHandle
                0x200003cc        0x4 ./Core/Src/main.o
                0x200003cc                defaultTaskHandle
 .bss.htim3     0x200003d0       0x48 ./Core/Src/stm32f0xx_hal_timebase_tim.o
                0x200003d0                htim3
 .bss.uwTick    0x20000418        0x4 ./Drivers/STM32F0xx_HAL_Driver/Src/stm32f0xx_hal.o
                0x20000418                uwTick
 .bss.pxCurrentTCB
                0x2000041c        0x4 ./Middlewares/Third_Party/FreeRTOS/Source/tasks.o
                0x2000041c                pxCurrentTCB
 .bss.pxReadyTasksLists
                0x20000420       0x8c ./Middlewares/Third_Party/FreeRTOS/Source/tasks.o
 .bss.xDelayedTaskList1
                0x200004ac       0x14 ./Middlewares/Third_Party/FreeRTOS/Source/tasks.o
 .bss.xDelayedTaskList2
                0x200004c0       0x14 ./Middlewares/Third_Party/FreeRTOS/Source/tasks.o
 .bss.pxDelayedTaskList
                0x200004d4        0x4 ./Middlewares/Third_Party/FreeRTOS/Source/tasks.o
 .bss.pxOverflowDelayedTaskList
                0x200004d8        0x4 ./Middlewares/Third_Party/FreeRTOS/Source/tasks.o
 .bss.xPendingReadyList
                0x200004dc       0x14 ./Middlewares/Third_Party/FreeRTOS/Source/tasks.o
 .bss.xTasksWaitingTermination
                0x200004f0       0x14 ./Middlewares/Third_Party/FreeRTOS/Source/tasks.o
 .bss.uxDeletedTasksWaitingCleanUp
                0x20000504        0x4 ./Middlewares/Third_Party/FreeRTOS/Source/tasks.o
 .bss.xSuspendedTaskList
                0x20000508       0x14 ./Middlewares/Third_Party/FreeRTOS/Source/tasks.o
 .bss.uxCurrentNumberOfTasks
                0x2000051c        0x4 ./Middlewares/Third_Party/FreeRTOS/Source/tasks.o
 .bss.xTickCount
                0x20000520        0x4 ./Middlewares/Third_Party/FreeRTOS/Source/tasks.o
 .bss.uxTopReadyPriority
                0x20000524        0x4 ./Middlewares/Third_Party/FreeRTOS/Source/tasks.o
 .bss.xSchedulerRunning
                0x20000528        0x4 ./Middlewares/Third_Party/FreeRTOS/Source/tasks.o
 .bss.uxPendedTicks
                0x2000052c        0x4 ./Middlewares/Third_Party/FreeRTOS/Source/tasks.o
 .bss.xYieldPending
                0x20000530        0x4 ./Middlewares/Third_Party/FreeRTOS/Source/tasks.o
 .bss.xNumOfOverflows
                0x20000534        0x4 ./Middlewares/Third_Party/FreeRTOS/Source/tasks.o
 .bss.uxTaskNumber
                0x20000538        0x4 ./Middlewares/Third_Party/FreeRTOS/Source/tasks.o
 .bss.xNextTaskUnblockTime
                0x2000053c        0x4 ./Middlewares/Third_Party/FreeRTOS/Source/tasks.o
 .bss.xIdleTaskHandle
                0x20000540        0x4 ./Middlewares/Third_Party/FreeRTOS/Source/tasks.o
 .bss.uxSchedulerSuspended
                0x20000544        0x4 ./Middlewares/Third_Party/FreeRTOS/Source/tasks.o
 .bss.ucHeap    0x20000548      0xc00 ./Middlewares/Third_Party/FreeRTOS/Source/portable/MemMang/heap_4.o
 .bss.xStart    0x20001148        0x8 ./Middlewares/Third_Party/FreeRTOS/Source/portable/MemMang/heap_4.o
 .bss.pxEnd     0x20001150        0x4 ./Middlewares/Third_Party/FreeRTOS/Source/portable/MemMang/heap_4.o
 .bss.xFreeBytesRemaining
                0x20001154        0x4 ./Middlewares/Third_Party/FreeRTOS/Source/portable/MemMang/heap_4.o
 .bss.xMinimumEverFreeBytesRemaining
                0x20001158        0x4 ./Middlewares/Third_Party/FreeRTOS/Source/portable/MemMang/heap_4.o
 .bss.xBlockAllocatedBit
                0x2000115c        0x4 ./Middlewares/Third_Party/FreeRTOS/Source/portable/MemMang/heap_4.o
 .bss.__sf      0x20001160      0x138 C:/ST/STM32CubeIDE_1.19.0/STM32CubeIDE/plugins/com.st.stm32cube.ide.mcu.externaltools.gnu-tools-for-stm32.13.3.rel1.win32_1.0.0.202411081344/tools/bin/../lib/gcc/arm-none-eabi/13.3.1/../../../../arm-none-eabi/lib/thumb/v6-m/nofp\libc_nano.a(libc_a-findfp.o)
                0x20001160                __sf
 .bss.__lock___malloc_recursive_mutex
                0x20001298        0x1 C:/ST/STM32CubeIDE_1.19.0/STM32CubeIDE/plugins/com.st.stm32cube.ide.mcu.externaltools.gnu-tools-for-stm32.13.3.rel1.win32_1.0.0.202411081344/tools/bin/../lib/gcc/arm-none-eabi/13.3.1/../../../../arm-none-eabi/lib/thumb/v6-m/nofp\libc_nano.a(libc_a-lock.o)
                0x20001298                __lock___malloc_recursive_mutex
 *fill*         0x20001299        0x3 
 .bss.__malloc_free_list
                0x2000129c        0x4 C:/ST/STM32CubeIDE_1.19.0/STM32CubeIDE/plugins/com.st.stm32cube.ide.mcu.externaltools.gnu-tools-for-stm32.13.3.rel1.win32_1.0.0.202411081344/tools/bin/../lib/gcc/arm-none-eabi/13.3.1/../../../../arm-none-eabi/lib/thumb/v6-m/nofp\libc_nano.a(libc_a-mallocr.o)
                0x2000129c                __malloc_free_list
 *(COMMON)
                0x200012a0                        . = ALIGN (0x4)
                0x200012a0                        _ebss = .
                0x200012a0                        __bss_end__ = _ebss

._user_heap_stack
                0x200012a0      0x600 load address 0x0800604c
                0x200012a0                        . = ALIGN (0x8)
                [!provide]                        PROVIDE (end = .)
                0x200012a0                        PROVIDE (_end = .)
                0x200014a0                        . = (. + _Min_Heap_Size)
 *fill*         0x200012a0      0x200 
                0x200018a0                        . = (. + _Min_Stack_Size)
 *fill*         0x200014a0      0x400 
                0x200018a0                        . = ALIGN (0x8)

/DISCARD/
 libc.a(*)
 libm.a(*)
 libgcc.a(*)

.ARM.attributes
                0x00000000       0x28
 *(.ARM.attributes)
 .ARM.attributes
                0x00000000       0x1e C:/ST/STM32CubeIDE_1.19.0/STM32CubeIDE/plugins/com.st.stm32cube.ide.mcu.externaltools.gnu-tools-for-stm32.13.3.rel1.win32_1.0.0.202411081344/tools/bin/../lib/gcc/arm-none-eabi/13.3.1/thumb/v6-m/nofp/crti.o
 .ARM.attributes
                0x0000001e       0x2c C:/ST/STM32CubeIDE_1.19.0/STM32CubeIDE/plugins/com.st.stm32cube.ide.mcu.externaltools.gnu-tools-for-stm32.13.3.rel1.win32_1.0.0.202411081344/tools/bin/../lib/gcc/arm-none-eabi/13.3.1/thumb/v6-m/nofp/crtbegin.o
 .ARM.attributes
                0x0000004a       0x2c ./App/Src/app_adc.o
 .ARM.attributes
                0x00000076       0x2c ./App/Src/app_evse.o
 .ARM.attributes
                0x000000a2       0x2c ./App/Src/app_led.o
 .ARM.attributes
                0x000000ce       0x2c ./App/Src/app_main.o
 .ARM.attributes
                0x000000fa       0x2c ./App/Src/app_pwm.o
 .ARM.attributes
                0x00000126       0x2c ./App/Src/app_relay.o
 .ARM.attributes
                0x00000152       0x2c ./Core/Src/freertos.o
 .ARM.attributes
                0x0000017e       0x2c ./Core/Src/main.o
 .ARM.attributes
                0x000001aa       0x2c ./Core/Src/stm32f0xx_hal_msp.o
 .ARM.attributes
                0x000001d6       0x2c ./Core/Src/stm32f0xx_hal_timebase_tim.o
 .ARM.attributes
                0x00000202       0x2c ./Core/Src/stm32f0xx_it.o
 .ARM.attributes
                0x0000022e       0x2c ./Core/Src/system_stm32f0xx.o
 .ARM.attributes
                0x0000025a       0x21 ./Core/Startup/startup_stm32f030c8tx.o
 .ARM.attributes
                0x0000027b       0x2c ./Drivers/STM32F0xx_HAL_Driver/Src/stm32f0xx_hal.o
 .ARM.attributes
                0x000002a7       0x2c ./Drivers/STM32F0xx_HAL_Driver/Src/stm32f0xx_hal_adc.o
 .ARM.attributes
                0x000002d3       0x2c ./Drivers/STM32F0xx_HAL_Driver/Src/stm32f0xx_hal_cortex.o
 .ARM.attributes
                0x000002ff       0x2c ./Drivers/STM32F0xx_HAL_Driver/Src/stm32f0xx_hal_dma.o
 .ARM.attributes
                0x0000032b       0x2c ./Drivers/STM32F0xx_HAL_Driver/Src/stm32f0xx_hal_gpio.o
 .ARM.attributes
                0x00000357       0x2c ./Drivers/STM32F0xx_HAL_Driver/Src/stm32f0xx_hal_rcc.o
 .ARM.attributes
                0x00000383       0x2c ./Drivers/STM32F0xx_HAL_Driver/Src/stm32f0xx_hal_tim.o
 .ARM.attributes
                0x000003af       0x2c ./Drivers/STM32F0xx_HAL_Driver/Src/stm32f0xx_hal_tim_ex.o
 .ARM.attributes
                0x000003db       0x2c ./Middlewares/Third_Party/FreeRTOS/Source/CMSIS_RTOS/cmsis_os.o
 .ARM.attributes
                0x00000407       0x2c ./Middlewares/Third_Party/FreeRTOS/Source/list.o
 .ARM.attributes
                0x00000433       0x2c ./Middlewares/Third_Party/FreeRTOS/Source/queue.o
 .ARM.attributes
                0x0000045f       0x2c ./Middlewares/Third_Party/FreeRTOS/Source/tasks.o
 .ARM.attributes
                0x0000048b       0x2c ./Middlewares/Third_Party/FreeRTOS/Source/portable/GCC/ARM_CM0/port.o
 .ARM.attributes
                0x000004b7       0x2c ./Middlewares/Third_Party/FreeRTOS/Source/portable/MemMang/heap_4.o
 .ARM.attributes
                0x000004e3       0x2c C:/ST/STM32CubeIDE_1.19.0/STM32CubeIDE/plugins/com.st.stm32cube.ide.mcu.externaltools.gnu-tools-for-stm32.13.3.rel1.win32_1.0.0.202411081344/tools/bin/../lib/gcc/arm-none-eabi/13.3.1/../../../../arm-none-eabi/lib/thumb/v6-m/nofp\libc_nano.a(libc_a-findfp.o)
 .ARM.attributes
                0x0000050f       0x2c C:/ST/STM32CubeIDE_1.19.0/STM32CubeIDE/plugins/com.st.stm32cube.ide.mcu.externaltools.gnu-tools-for-stm32.13.3.rel1.win32_1.0.0.202411081344/tools/bin/../lib/gcc/arm-none-eabi/13.3.1/../../../../arm-none-eabi/lib/thumb/v6-m/nofp\libc_nano.a(libc_a-memset.o)
 .ARM.attributes
                0x0000053b       0x2c C:/ST/STM32CubeIDE_1.19.0/STM32CubeIDE/plugins/com.st.stm32cube.ide.mcu.externaltools.gnu-tools-for-stm32.13.3.rel1.win32_1.0.0.202411081344/tools/bin/../lib/gcc/arm-none-eabi/13.3.1/../../../../arm-none-eabi/lib/thumb/v6-m/nofp\libc_nano.a(libc_a-reent.o)
 .ARM.attributes
                0x00000567       0x2c C:/ST/STM32CubeIDE_1.19.0/STM32CubeIDE/plugins/com.st.stm32cube.ide.mcu.externaltools.gnu-tools-for-stm32.13.3.rel1.win32_1.0.0.202411081344/tools/bin/../lib/gcc/arm-none-eabi/13.3.1/../../../../arm-none-eabi/lib/thumb/v6-m/nofp\libc_nano.a(libc_a-impure.o)
 .ARM.attributes
                0x00000593       0x2c C:/ST/STM32CubeIDE_1.19.0/STM32CubeIDE/plugins/com.st.stm32cube.ide.mcu.externaltools.gnu-tools-for-stm32.13.3.rel1.win32_1.0.0.202411081344/tools/bin/../lib/gcc/arm-none-eabi/13.3.1/../../../../arm-none-eabi/lib/thumb/v6-m/nofp\libc_nano.a(libc_a-init.o)
 .ARM.attributes
                0x000005bf       0x2c C:/ST/STM32CubeIDE_1.19.0/STM32CubeIDE/plugins/com.st.stm32cube.ide.mcu.externaltools.gnu-tools-for-stm32.13.3.rel1.win32_1.0.0.202411081344/tools/bin/../lib/gcc/arm-none-eabi/13.3.1/../../../../arm-none-eabi/lib/thumb/v6-m/nofp\libc_nano.a(libc_a-lock.o)
 .ARM.attributes
                0x000005eb       0x2c C:/ST/STM32CubeIDE_1.19.0/STM32CubeIDE/plugins/com.st.stm32cube.ide.mcu.externaltools.gnu-tools-for-stm32.13.3.rel1.win32_1.0.0.202411081344/tools/bin/../lib/gcc/arm-none-eabi/13.3.1/../../../../arm-none-eabi/lib/thumb/v6-m/nofp\libc_nano.a(libc_a-memcpy-stub.o)
 .ARM.attributes
                0x00000617       0x2c C:/ST/STM32CubeIDE_1.19.0/STM32CubeIDE/plugins/com.st.stm32cube.ide.mcu.externaltools.gnu-tools-for-stm32.13.3.rel1.win32_1.0.0.202411081344/tools/bin/../lib/gcc/arm-none-eabi/13.3.1/../../../../arm-none-eabi/lib/thumb/v6-m/nofp\libc_nano.a(libc_a-freer.o)
 .ARM.attributes
                0x00000643       0x2c C:/ST/STM32CubeIDE_1.19.0/STM32CubeIDE/plugins/com.st.stm32cube.ide.mcu.externaltools.gnu-tools-for-stm32.13.3.rel1.win32_1.0.0.202411081344/tools/bin/../lib/gcc/arm-none-eabi/13.3.1/../../../../arm-none-eabi/lib/thumb/v6-m/nofp\libc_nano.a(libc_a-mallocr.o)
 .ARM.attributes
                0x0000066f       0x2c C:/ST/STM32CubeIDE_1.19.0/STM32CubeIDE/plugins/com.st.stm32cube.ide.mcu.externaltools.gnu-tools-for-stm32.13.3.rel1.win32_1.0.0.202411081344/tools/bin/../lib/gcc/arm-none-eabi/13.3.1/../../../../arm-none-eabi/lib/thumb/v6-m/nofp\libc_nano.a(libc_a-mlock.o)
 .ARM.attributes
                0x0000069b       0x1e C:/ST/STM32CubeIDE_1.19.0/STM32CubeIDE/plugins/com.st.stm32cube.ide.mcu.externaltools.gnu-tools-for-stm32.13.3.rel1.win32_1.0.0.202411081344/tools/bin/../lib/gcc/arm-none-eabi/13.3.1/thumb/v6-m/nofp\libgcc.a(_udivsi3.o)
 .ARM.attributes
                0x000006b9       0x1e C:/ST/STM32CubeIDE_1.19.0/STM32CubeIDE/plugins/com.st.stm32cube.ide.mcu.externaltools.gnu-tools-for-stm32.13.3.rel1.win32_1.0.0.202411081344/tools/bin/../lib/gcc/arm-none-eabi/13.3.1/thumb/v6-m/nofp\libgcc.a(_divsi3.o)
 .ARM.attributes
                0x000006d7       0x1e C:/ST/STM32CubeIDE_1.19.0/STM32CubeIDE/plugins/com.st.stm32cube.ide.mcu.externaltools.gnu-tools-for-stm32.13.3.rel1.win32_1.0.0.202411081344/tools/bin/../lib/gcc/arm-none-eabi/13.3.1/thumb/v6-m/nofp\libgcc.a(_dvmd_tls.o)
 .ARM.attributes
                0x000006f5       0x2c C:/ST/STM32CubeIDE_1.19.0/STM32CubeIDE/plugins/com.st.stm32cube.ide.mcu.externaltools.gnu-tools-for-stm32.13.3.rel1.win32_1.0.0.202411081344/tools/bin/../lib/gcc/arm-none-eabi/13.3.1/thumb/v6-m/nofp\libgcc.a(divsf3.o)
 .ARM.attributes
                0x00000721       0x2c C:/ST/STM32CubeIDE_1.19.0/STM32CubeIDE/plugins/com.st.stm32cube.ide.mcu.externaltools.gnu-tools-for-stm32.13.3.rel1.win32_1.0.0.202411081344/tools/bin/../lib/gcc/arm-none-eabi/13.3.1/thumb/v6-m/nofp\libgcc.a(mulsf3.o)
 .ARM.attributes
                0x0000074d       0x2c C:/ST/STM32CubeIDE_1.19.0/STM32CubeIDE/plugins/com.st.stm32cube.ide.mcu.externaltools.gnu-tools-for-stm32.13.3.rel1.win32_1.0.0.202411081344/tools/bin/../lib/gcc/arm-none-eabi/13.3.1/thumb/v6-m/nofp\libgcc.a(subsf3.o)
 .ARM.attributes
                0x00000779       0x2c C:/ST/STM32CubeIDE_1.19.0/STM32CubeIDE/plugins/com.st.stm32cube.ide.mcu.externaltools.gnu-tools-for-stm32.13.3.rel1.win32_1.0.0.202411081344/tools/bin/../lib/gcc/arm-none-eabi/13.3.1/thumb/v6-m/nofp\libgcc.a(floatunsisf.o)
 .ARM.attributes
                0x000007a5       0x1e C:/ST/STM32CubeIDE_1.19.0/STM32CubeIDE/plugins/com.st.stm32cube.ide.mcu.externaltools.gnu-tools-for-stm32.13.3.rel1.win32_1.0.0.202411081344/tools/bin/../lib/gcc/arm-none-eabi/13.3.1/thumb/v6-m/nofp\libgcc.a(_clzsi2.o)
 .ARM.attributes
                0x000007c3       0x1e C:/ST/STM32CubeIDE_1.19.0/STM32CubeIDE/plugins/com.st.stm32cube.ide.mcu.externaltools.gnu-tools-for-stm32.13.3.rel1.win32_1.0.0.202411081344/tools/bin/../lib/gcc/arm-none-eabi/13.3.1/thumb/v6-m/nofp/crtn.o
OUTPUT(moduler_firmware.elf elf32-littlearm)
LOAD linker stubs
LOAD C:/ST/STM32CubeIDE_1.19.0/STM32CubeIDE/plugins/com.st.stm32cube.ide.mcu.externaltools.gnu-tools-for-stm32.13.3.rel1.win32_1.0.0.202411081344/tools/bin/../lib/gcc/arm-none-eabi/13.3.1/../../../../arm-none-eabi/lib/thumb/v6-m/nofp\libc.a
LOAD C:/ST/STM32CubeIDE_1.19.0/STM32CubeIDE/plugins/com.st.stm32cube.ide.mcu.externaltools.gnu-tools-for-stm32.13.3.rel1.win32_1.0.0.202411081344/tools/bin/../lib/gcc/arm-none-eabi/13.3.1/../../../../arm-none-eabi/lib/thumb/v6-m/nofp\libm.a
LOAD C:/ST/STM32CubeIDE_1.19.0/STM32CubeIDE/plugins/com.st.stm32cube.ide.mcu.externaltools.gnu-tools-for-stm32.13.3.rel1.win32_1.0.0.202411081344/tools/bin/../lib/gcc/arm-none-eabi/13.3.1/thumb/v6-m/nofp\libgcc.a

.debug_info     0x00000000    0x11cf5
 .debug_info    0x00000000      0x65d ./App/Src/app_adc.o
 .debug_info    0x0000065d      0x32d ./App/Src/app_evse.o
 .debug_info    0x0000098a      0x2a1 ./App/Src/app_led.o
 .debug_info    0x00000c2b      0x20c ./App/Src/app_main.o
 .debug_info    0x00000e37      0x66f ./App/Src/app_pwm.o
 .debug_info    0x000014a6      0x1e4 ./App/Src/app_relay.o
 .debug_info    0x0000168a      0x919 ./Core/Src/freertos.o
 .debug_info    0x00001fa3     0x1a22 ./Core/Src/main.o
 .debug_info    0x000039c5      0xc92 ./Core/Src/stm32f0xx_hal_msp.o
 .debug_info    0x00004657      0x937 ./Core/Src/stm32f0xx_hal_timebase_tim.o
 .debug_info    0x00004f8e      0x618 ./Core/Src/stm32f0xx_it.o
 .debug_info    0x000055a6      0x242 ./Core/Src/system_stm32f0xx.o
 .debug_info    0x000057e8       0x30 ./Core/Startup/startup_stm32f030c8tx.o
 .debug_info    0x00005818      0x670 ./Drivers/STM32F0xx_HAL_Driver/Src/stm32f0xx_hal.o
 .debug_info    0x00005e88      0xc70 ./Drivers/STM32F0xx_HAL_Driver/Src/stm32f0xx_hal_adc.o
 .debug_info    0x00006af8      0x69b ./Drivers/STM32F0xx_HAL_Driver/Src/stm32f0xx_hal_cortex.o
 .debug_info    0x00007193      0x700 ./Drivers/STM32F0xx_HAL_Driver/Src/stm32f0xx_hal_dma.o
 .debug_info    0x00007893      0x5c3 ./Drivers/STM32F0xx_HAL_Driver/Src/stm32f0xx_hal_gpio.o
 .debug_info    0x00007e56      0x844 ./Drivers/STM32F0xx_HAL_Driver/Src/stm32f0xx_hal_rcc.o
 .debug_info    0x0000869a     0x2946 ./Drivers/STM32F0xx_HAL_Driver/Src/stm32f0xx_hal_tim.o
 .debug_info    0x0000afe0     0x1488 ./Drivers/STM32F0xx_HAL_Driver/Src/stm32f0xx_hal_tim_ex.o
 .debug_info    0x0000c468     0x215e ./Middlewares/Third_Party/FreeRTOS/Source/CMSIS_RTOS/cmsis_os.o
 .debug_info    0x0000e5c6      0x2aa ./Middlewares/Third_Party/FreeRTOS/Source/list.o
 .debug_info    0x0000e870     0x11bc ./Middlewares/Third_Party/FreeRTOS/Source/queue.o
 .debug_info    0x0000fa2c     0x1d37 ./Middlewares/Third_Party/FreeRTOS/Source/tasks.o
 .debug_info    0x00011763      0x289 ./Middlewares/Third_Party/FreeRTOS/Source/portable/GCC/ARM_CM0/port.o
 .debug_info    0x000119ec      0x309 ./Middlewares/Third_Party/FreeRTOS/Source/portable/MemMang/heap_4.o

.debug_abbrev   0x00000000     0x349c
 .debug_abbrev  0x00000000      0x17b ./App/Src/app_adc.o
 .debug_abbrev  0x0000017b      0x1a4 ./App/Src/app_evse.o
 .debug_abbrev  0x0000031f      0x147 ./App/Src/app_led.o
 .debug_abbrev  0x00000466       0xf4 ./App/Src/app_main.o
 .debug_abbrev  0x0000055a      0x1a6 ./App/Src/app_pwm.o
 .debug_abbrev  0x00000700       0xe7 ./App/Src/app_relay.o
 .debug_abbrev  0x000007e7      0x16f ./Core/Src/freertos.o
 .debug_abbrev  0x00000956      0x349 ./Core/Src/main.o
 .debug_abbrev  0x00000c9f      0x1f2 ./Core/Src/stm32f0xx_hal_msp.o
 .debug_abbrev  0x00000e91      0x21f ./Core/Src/stm32f0xx_hal_timebase_tim.o
 .debug_abbrev  0x000010b0      0x191 ./Core/Src/stm32f0xx_it.o
 .debug_abbrev  0x00001241      0x11c ./Core/Src/system_stm32f0xx.o
 .debug_abbrev  0x0000135d       0x24 ./Core/Startup/startup_stm32f030c8tx.o
 .debug_abbrev  0x00001381      0x24b ./Drivers/STM32F0xx_HAL_Driver/Src/stm32f0xx_hal.o
 .debug_abbrev  0x000015cc      0x210 ./Drivers/STM32F0xx_HAL_Driver/Src/stm32f0xx_hal_adc.o
 .debug_abbrev  0x000017dc      0x28c ./Drivers/STM32F0xx_HAL_Driver/Src/stm32f0xx_hal_cortex.o
 .debug_abbrev  0x00001a68      0x1ef ./Drivers/STM32F0xx_HAL_Driver/Src/stm32f0xx_hal_dma.o
 .debug_abbrev  0x00001c57      0x1c8 ./Drivers/STM32F0xx_HAL_Driver/Src/stm32f0xx_hal_gpio.o
 .debug_abbrev  0x00001e1f      0x28b ./Drivers/STM32F0xx_HAL_Driver/Src/stm32f0xx_hal_rcc.o
 .debug_abbrev  0x000020aa      0x28c ./Drivers/STM32F0xx_HAL_Driver/Src/stm32f0xx_hal_tim.o
 .debug_abbrev  0x00002336      0x297 ./Drivers/STM32F0xx_HAL_Driver/Src/stm32f0xx_hal_tim_ex.o
 .debug_abbrev  0x000025cd      0x3ac ./Middlewares/Third_Party/FreeRTOS/Source/CMSIS_RTOS/cmsis_os.o
 .debug_abbrev  0x00002979       0xf5 ./Middlewares/Third_Party/FreeRTOS/Source/list.o
 .debug_abbrev  0x00002a6e      0x340 ./Middlewares/Third_Party/FreeRTOS/Source/queue.o
 .debug_abbrev  0x00002dae      0x363 ./Middlewares/Third_Party/FreeRTOS/Source/tasks.o
 .debug_abbrev  0x00003111      0x1ea ./Middlewares/Third_Party/FreeRTOS/Source/portable/GCC/ARM_CM0/port.o
 .debug_abbrev  0x000032fb      0x1a1 ./Middlewares/Third_Party/FreeRTOS/Source/portable/MemMang/heap_4.o

.debug_aranges  0x00000000     0x1140
 .debug_aranges
                0x00000000       0x28 ./App/Src/app_adc.o
 .debug_aranges
                0x00000028       0x30 ./App/Src/app_evse.o
 .debug_aranges
                0x00000058       0x38 ./App/Src/app_led.o
 .debug_aranges
                0x00000090       0x20 ./App/Src/app_main.o
 .debug_aranges
                0x000000b0       0x28 ./App/Src/app_pwm.o
 .debug_aranges
                0x000000d8       0x38 ./App/Src/app_relay.o
 .debug_aranges
                0x00000110       0x20 ./Core/Src/freertos.o
 .debug_aranges
                0x00000130       0x58 ./Core/Src/main.o
 .debug_aranges
                0x00000188       0x48 ./Core/Src/stm32f0xx_hal_msp.o
 .debug_aranges
                0x000001d0       0x30 ./Core/Src/stm32f0xx_hal_timebase_tim.o
 .debug_aranges
                0x00000200       0x30 ./Core/Src/stm32f0xx_it.o
 .debug_aranges
                0x00000230       0x28 ./Core/Src/system_stm32f0xx.o
 .debug_aranges
                0x00000258       0x28 ./Core/Startup/startup_stm32f030c8tx.o
 .debug_aranges
                0x00000280       0xd0 ./Drivers/STM32F0xx_HAL_Driver/Src/stm32f0xx_hal.o
 .debug_aranges
                0x00000350       0xf8 ./Drivers/STM32F0xx_HAL_Driver/Src/stm32f0xx_hal_adc.o
 .debug_aranges
                0x00000448       0xc0 ./Drivers/STM32F0xx_HAL_Driver/Src/stm32f0xx_hal_cortex.o
 .debug_aranges
                0x00000508       0x88 ./Drivers/STM32F0xx_HAL_Driver/Src/stm32f0xx_hal_dma.o
 .debug_aranges
                0x00000590       0x58 ./Drivers/STM32F0xx_HAL_Driver/Src/stm32f0xx_hal_gpio.o
 .debug_aranges
                0x000005e8       0x80 ./Drivers/STM32F0xx_HAL_Driver/Src/stm32f0xx_hal_rcc.o
 .debug_aranges
                0x00000668      0x3d0 ./Drivers/STM32F0xx_HAL_Driver/Src/stm32f0xx_hal_tim.o
 .debug_aranges
                0x00000a38      0x168 ./Drivers/STM32F0xx_HAL_Driver/Src/stm32f0xx_hal_tim_ex.o
 .debug_aranges
                0x00000ba0      0x1d8 ./Middlewares/Third_Party/FreeRTOS/Source/CMSIS_RTOS/cmsis_os.o
 .debug_aranges
                0x00000d78       0x40 ./Middlewares/Third_Party/FreeRTOS/Source/list.o
 .debug_aranges
                0x00000db8      0x108 ./Middlewares/Third_Party/FreeRTOS/Source/queue.o
 .debug_aranges
                0x00000ec0      0x1a8 ./Middlewares/Third_Party/FreeRTOS/Source/tasks.o
 .debug_aranges
                0x00001068       0x88 ./Middlewares/Third_Party/FreeRTOS/Source/portable/GCC/ARM_CM0/port.o
 .debug_aranges
                0x000010f0       0x50 ./Middlewares/Third_Party/FreeRTOS/Source/portable/MemMang/heap_4.o

.debug_rnglists
                0x00000000      0xd2d
 .debug_rnglists
                0x00000000       0x19 ./App/Src/app_adc.o
 .debug_rnglists
                0x00000019       0x21 ./App/Src/app_evse.o
 .debug_rnglists
                0x0000003a       0x26 ./App/Src/app_led.o
 .debug_rnglists
                0x00000060       0x13 ./App/Src/app_main.o
 .debug_rnglists
                0x00000073       0x19 ./App/Src/app_pwm.o
 .debug_rnglists
                0x0000008c       0x25 ./App/Src/app_relay.o
 .debug_rnglists
                0x000000b1       0x13 ./Core/Src/freertos.o
 .debug_rnglists
                0x000000c4       0x41 ./Core/Src/main.o
 .debug_rnglists
                0x00000105       0x33 ./Core/Src/stm32f0xx_hal_msp.o
 .debug_rnglists
                0x00000138       0x20 ./Core/Src/stm32f0xx_hal_timebase_tim.o
 .debug_rnglists
                0x00000158       0x1f ./Core/Src/stm32f0xx_it.o
 .debug_rnglists
                0x00000177       0x1a ./Core/Src/system_stm32f0xx.o
 .debug_rnglists
                0x00000191       0x19 ./Core/Startup/startup_stm32f030c8tx.o
 .debug_rnglists
                0x000001aa       0x97 ./Drivers/STM32F0xx_HAL_Driver/Src/stm32f0xx_hal.o
 .debug_rnglists
                0x00000241       0xc6 ./Drivers/STM32F0xx_HAL_Driver/Src/stm32f0xx_hal_adc.o
 .debug_rnglists
                0x00000307       0x8c ./Drivers/STM32F0xx_HAL_Driver/Src/stm32f0xx_hal_cortex.o
 .debug_rnglists
                0x00000393       0x6a ./Drivers/STM32F0xx_HAL_Driver/Src/stm32f0xx_hal_dma.o
 .debug_rnglists
                0x000003fd       0x3f ./Drivers/STM32F0xx_HAL_Driver/Src/stm32f0xx_hal_gpio.o
 .debug_rnglists
                0x0000043c       0x60 ./Drivers/STM32F0xx_HAL_Driver/Src/stm32f0xx_hal_rcc.o
 .debug_rnglists
                0x0000049c      0x31c ./Drivers/STM32F0xx_HAL_Driver/Src/stm32f0xx_hal_tim.o
 .debug_rnglists
                0x000007b8      0x126 ./Drivers/STM32F0xx_HAL_Driver/Src/stm32f0xx_hal_tim_ex.o
 .debug_rnglists
                0x000008de      0x168 ./Middlewares/Third_Party/FreeRTOS/Source/CMSIS_RTOS/cmsis_os.o
 .debug_rnglists
                0x00000a46       0x2b ./Middlewares/Third_Party/FreeRTOS/Source/list.o
 .debug_rnglists
                0x00000a71       0xcd ./Middlewares/Third_Party/FreeRTOS/Source/queue.o
 .debug_rnglists
                0x00000b3e      0x153 ./Middlewares/Third_Party/FreeRTOS/Source/tasks.o
 .debug_rnglists
                0x00000c91       0x61 ./Middlewares/Third_Party/FreeRTOS/Source/portable/GCC/ARM_CM0/port.o
 .debug_rnglists
                0x00000cf2       0x3b ./Middlewares/Third_Party/FreeRTOS/Source/portable/MemMang/heap_4.o

.debug_macro    0x00000000    0x12df4
 .debug_macro   0x00000000      0x2ed ./App/Src/app_adc.o
 .debug_macro   0x000002ed      0xaae ./App/Src/app_adc.o
 .debug_macro   0x00000d9b      0x133 ./App/Src/app_adc.o
 .debug_macro   0x00000ece       0x2e ./App/Src/app_adc.o
 .debug_macro   0x00000efc       0x22 ./App/Src/app_adc.o
 .debug_macro   0x00000f1e       0x22 ./App/Src/app_adc.o
 .debug_macro   0x00000f40       0x8e ./App/Src/app_adc.o
 .debug_macro   0x00000fce       0x51 ./App/Src/app_adc.o
 .debug_macro   0x0000101f      0x103 ./App/Src/app_adc.o
 .debug_macro   0x00001122       0x6a ./App/Src/app_adc.o
 .debug_macro   0x0000118c      0x1df ./App/Src/app_adc.o
 .debug_macro   0x0000136b       0x1c ./App/Src/app_adc.o
 .debug_macro   0x00001387       0x22 ./App/Src/app_adc.o
 .debug_macro   0x000013a9       0xaf ./App/Src/app_adc.o
 .debug_macro   0x00001458      0x391 ./App/Src/app_adc.o
 .debug_macro   0x000017e9     0x6f47 ./App/Src/app_adc.o
 .debug_macro   0x00008730       0x66 ./App/Src/app_adc.o
 .debug_macro   0x00008796     0x34da ./App/Src/app_adc.o
 .debug_macro   0x0000bc70      0x190 ./App/Src/app_adc.o
 .debug_macro   0x0000be00       0x55 ./App/Src/app_adc.o
 .debug_macro   0x0000be55      0x924 ./App/Src/app_adc.o
 .debug_macro   0x0000c779      0x17f ./App/Src/app_adc.o
 .debug_macro   0x0000c8f8      0x1ae ./App/Src/app_adc.o
 .debug_macro   0x0000caa6       0xd8 ./App/Src/app_adc.o
 .debug_macro   0x0000cb7e      0x1a0 ./App/Src/app_adc.o
 .debug_macro   0x0000cd1e      0x1ed ./App/Src/app_adc.o
 .debug_macro   0x0000cf0b       0x34 ./App/Src/app_adc.o
 .debug_macro   0x0000cf3f       0x43 ./App/Src/app_adc.o
 .debug_macro   0x0000cf82       0x28 ./App/Src/app_adc.o
 .debug_macro   0x0000cfaa      0x33d ./App/Src/app_adc.o
 .debug_macro   0x0000d2e7       0xc2 ./App/Src/app_adc.o
 .debug_macro   0x0000d3a9       0xb0 ./App/Src/app_adc.o
 .debug_macro   0x0000d459      0x199 ./App/Src/app_adc.o
 .debug_macro   0x0000d5f2      0x22c ./App/Src/app_adc.o
 .debug_macro   0x0000d81e       0x61 ./App/Src/app_adc.o
 .debug_macro   0x0000d87f       0xa5 ./App/Src/app_adc.o
 .debug_macro   0x0000d924       0x4c ./App/Src/app_adc.o
 .debug_macro   0x0000d970       0x2b ./App/Src/app_adc.o
 .debug_macro   0x0000d99b      0x8f4 ./App/Src/app_adc.o
 .debug_macro   0x0000e28f       0x28 ./App/Src/app_adc.o
 .debug_macro   0x0000e2b7       0xff ./App/Src/app_adc.o
 .debug_macro   0x0000e3b6       0x64 ./App/Src/app_adc.o
 .debug_macro   0x0000e41a       0xb8 ./App/Src/app_adc.o
 .debug_macro   0x0000e4d2      0x15a ./App/Src/app_adc.o
 .debug_macro   0x0000e62c       0xac ./App/Src/app_adc.o
 .debug_macro   0x0000e6d8       0x10 ./App/Src/app_adc.o
 .debug_macro   0x0000e6e8       0x1f ./App/Src/app_adc.o
 .debug_macro   0x0000e707       0x61 ./App/Src/app_adc.o
 .debug_macro   0x0000e768       0x24 ./App/Src/app_adc.o
 .debug_macro   0x0000e78c       0x43 ./App/Src/app_adc.o
 .debug_macro   0x0000e7cf       0x34 ./App/Src/app_adc.o
 .debug_macro   0x0000e803      0x370 ./App/Src/app_adc.o
 .debug_macro   0x0000eb73       0x16 ./App/Src/app_adc.o
 .debug_macro   0x0000eb89       0x4a ./App/Src/app_adc.o
 .debug_macro   0x0000ebd3       0x34 ./App/Src/app_adc.o
 .debug_macro   0x0000ec07       0x10 ./App/Src/app_adc.o
 .debug_macro   0x0000ec17       0x58 ./App/Src/app_adc.o
 .debug_macro   0x0000ec6f       0x8e ./App/Src/app_adc.o
 .debug_macro   0x0000ecfd       0x1c ./App/Src/app_adc.o
 .debug_macro   0x0000ed19      0x185 ./App/Src/app_adc.o
 .debug_macro   0x0000ee9e       0x10 ./App/Src/app_adc.o
 .debug_macro   0x0000eeae       0x3c ./App/Src/app_adc.o
 .debug_macro   0x0000eeea      0x4bf ./App/Src/app_adc.o
 .debug_macro   0x0000f3a9       0x8d ./App/Src/app_adc.o
 .debug_macro   0x0000f436      0x327 ./App/Src/app_evse.o
 .debug_macro   0x0000f75d      0x332 ./App/Src/app_led.o
 .debug_macro   0x0000fa8f       0xb5 ./App/Src/app_led.o
 .debug_macro   0x0000fb44       0x8c ./App/Src/app_led.o
 .debug_macro   0x0000fbd0      0x331 ./App/Src/app_main.o
 .debug_macro   0x0000ff01      0x1da ./App/Src/app_pwm.o
 .debug_macro   0x000100db      0x1da ./App/Src/app_relay.o
 .debug_macro   0x000102b5      0x2e8 ./Core/Src/freertos.o
 .debug_macro   0x0001059d       0x4f ./Core/Src/freertos.o
 .debug_macro   0x000105ec      0x33d ./Core/Src/main.o
 .debug_macro   0x00010929       0x91 ./Core/Src/main.o
 .debug_macro   0x000109ba       0x7e ./Core/Src/main.o
 .debug_macro   0x00010a38       0x19 ./Core/Src/main.o
 .debug_macro   0x00010a51       0xf2 ./Core/Src/main.o
 .debug_macro   0x00010b43      0x1d0 ./Core/Src/stm32f0xx_hal_msp.o
 .debug_macro   0x00010d13      0x1c1 ./Core/Src/stm32f0xx_hal_timebase_tim.o
 .debug_macro   0x00010ed4      0x1da ./Core/Src/stm32f0xx_it.o
 .debug_macro   0x000110ae      0x1c1 ./Core/Src/system_stm32f0xx.o
 .debug_macro   0x0001126f      0x1e5 ./Drivers/STM32F0xx_HAL_Driver/Src/stm32f0xx_hal.o
 .debug_macro   0x00011454      0x1e5 ./Drivers/STM32F0xx_HAL_Driver/Src/stm32f0xx_hal_adc.o
 .debug_macro   0x00011639      0x1c1 ./Drivers/STM32F0xx_HAL_Driver/Src/stm32f0xx_hal_cortex.o
 .debug_macro   0x000117fa      0x1c1 ./Drivers/STM32F0xx_HAL_Driver/Src/stm32f0xx_hal_dma.o
 .debug_macro   0x000119bb      0x1c8 ./Drivers/STM32F0xx_HAL_Driver/Src/stm32f0xx_hal_gpio.o
 .debug_macro   0x00011b83      0x1d3 ./Drivers/STM32F0xx_HAL_Driver/Src/stm32f0xx_hal_rcc.o
 .debug_macro   0x00011d56      0x1c2 ./Drivers/STM32F0xx_HAL_Driver/Src/stm32f0xx_hal_tim.o
 .debug_macro   0x00011f18      0x1c1 ./Drivers/STM32F0xx_HAL_Driver/Src/stm32f0xx_hal_tim_ex.o
 .debug_macro   0x000120d9      0x210 ./Middlewares/Third_Party/FreeRTOS/Source/CMSIS_RTOS/cmsis_os.o
 .debug_macro   0x000122e9       0x10 ./Middlewares/Third_Party/FreeRTOS/Source/CMSIS_RTOS/cmsis_os.o
 .debug_macro   0x000122f9       0x20 ./Middlewares/Third_Party/FreeRTOS/Source/CMSIS_RTOS/cmsis_os.o
 .debug_macro   0x00012319       0x16 ./Middlewares/Third_Party/FreeRTOS/Source/CMSIS_RTOS/cmsis_os.o
 .debug_macro   0x0001232f       0x9d ./Middlewares/Third_Party/FreeRTOS/Source/CMSIS_RTOS/cmsis_os.o
 .debug_macro   0x000123cc      0x199 ./Middlewares/Third_Party/FreeRTOS/Source/list.o
 .debug_macro   0x00012565      0x224 ./Middlewares/Third_Party/FreeRTOS/Source/queue.o
 .debug_macro   0x00012789       0x16 ./Middlewares/Third_Party/FreeRTOS/Source/queue.o
 .debug_macro   0x0001279f      0x299 ./Middlewares/Third_Party/FreeRTOS/Source/tasks.o
 .debug_macro   0x00012a38       0x10 ./Middlewares/Third_Party/FreeRTOS/Source/tasks.o
 .debug_macro   0x00012a48      0x1ec ./Middlewares/Third_Party/FreeRTOS/Source/portable/GCC/ARM_CM0/port.o
 .debug_macro   0x00012c34      0x1c0 ./Middlewares/Third_Party/FreeRTOS/Source/portable/MemMang/heap_4.o

.debug_line     0x00000000    0x16237
 .debug_line    0x00000000      0xa28 ./App/Src/app_adc.o
 .debug_line    0x00000a28      0xb2a ./App/Src/app_evse.o
 .debug_line    0x00001552      0xa78 ./App/Src/app_led.o
 .debug_line    0x00001fca      0xa4c ./App/Src/app_main.o
 .debug_line    0x00002a16      0x7c3 ./App/Src/app_pwm.o
 .debug_line    0x000031d9      0x7f4 ./App/Src/app_relay.o
 .debug_line    0x000039cd      0x998 ./Core/Src/freertos.o
 .debug_line    0x00004365      0xca9 ./Core/Src/main.o
 .debug_line    0x0000500e      0x810 ./Core/Src/stm32f0xx_hal_msp.o
 .debug_line    0x0000581e      0x7de ./Core/Src/stm32f0xx_hal_timebase_tim.o
 .debug_line    0x00005ffc      0x797 ./Core/Src/stm32f0xx_it.o
 .debug_line    0x00006793      0x7d0 ./Core/Src/system_stm32f0xx.o
 .debug_line    0x00006f63       0x7b ./Core/Startup/startup_stm32f030c8tx.o
 .debug_line    0x00006fde      0x9df ./Drivers/STM32F0xx_HAL_Driver/Src/stm32f0xx_hal.o
 .debug_line    0x000079bd     0x11d0 ./Drivers/STM32F0xx_HAL_Driver/Src/stm32f0xx_hal_adc.o
 .debug_line    0x00008b8d      0xa87 ./Drivers/STM32F0xx_HAL_Driver/Src/stm32f0xx_hal_cortex.o
 .debug_line    0x00009614      0xce3 ./Drivers/STM32F0xx_HAL_Driver/Src/stm32f0xx_hal_dma.o
 .debug_line    0x0000a2f7      0xb44 ./Drivers/STM32F0xx_HAL_Driver/Src/stm32f0xx_hal_gpio.o
 .debug_line    0x0000ae3b      0xe70 ./Drivers/STM32F0xx_HAL_Driver/Src/stm32f0xx_hal_rcc.o
 .debug_line    0x0000bcab     0x373d ./Drivers/STM32F0xx_HAL_Driver/Src/stm32f0xx_hal_tim.o
 .debug_line    0x0000f3e8     0x18b4 ./Drivers/STM32F0xx_HAL_Driver/Src/stm32f0xx_hal_tim_ex.o
 .debug_line    0x00010c9c     0x12ec ./Middlewares/Third_Party/FreeRTOS/Source/CMSIS_RTOS/cmsis_os.o
 .debug_line    0x00011f88      0x796 ./Middlewares/Third_Party/FreeRTOS/Source/list.o
 .debug_line    0x0001271e     0x12d6 ./Middlewares/Third_Party/FreeRTOS/Source/queue.o
 .debug_line    0x000139f4     0x16ed ./Middlewares/Third_Party/FreeRTOS/Source/tasks.o
 .debug_line    0x000150e1      0x83d ./Middlewares/Third_Party/FreeRTOS/Source/portable/GCC/ARM_CM0/port.o
 .debug_line    0x0001591e      0x919 ./Middlewares/Third_Party/FreeRTOS/Source/portable/MemMang/heap_4.o

.debug_str      0x00000000    0x6c19c
 .debug_str     0x00000000    0x6c19c ./App/Src/app_adc.o
                              0x63e00 (size before relaxing)
 .debug_str     0x0006c19c    0x63c3b ./App/Src/app_evse.o
 .debug_str     0x0006c19c    0x6425a ./App/Src/app_led.o
 .debug_str     0x0006c19c    0x64805 ./App/Src/app_main.o
 .debug_str     0x0006c19c    0x5dbcc ./App/Src/app_pwm.o
 .debug_str     0x0006c19c    0x5d76c ./App/Src/app_relay.o
 .debug_str     0x0006c19c    0x6434a ./Core/Src/freertos.o
 .debug_str     0x0006c19c    0x6729e ./Core/Src/main.o
 .debug_str     0x0006c19c    0x5dff3 ./Core/Src/stm32f0xx_hal_msp.o
 .debug_str     0x0006c19c    0x5dd34 ./Core/Src/stm32f0xx_hal_timebase_tim.o
 .debug_str     0x0006c19c    0x5db98 ./Core/Src/stm32f0xx_it.o
 .debug_str     0x0006c19c    0x5d5d3 ./Core/Src/system_stm32f0xx.o
 .debug_str     0x0006c19c       0x8e ./Core/Startup/startup_stm32f030c8tx.o
 .debug_str     0x0006c19c    0x5db67 ./Drivers/STM32F0xx_HAL_Driver/Src/stm32f0xx_hal.o
 .debug_str     0x0006c19c    0x5dce0 ./Drivers/STM32F0xx_HAL_Driver/Src/stm32f0xx_hal_adc.o
 .debug_str     0x0006c19c    0x5d958 ./Drivers/STM32F0xx_HAL_Driver/Src/stm32f0xx_hal_cortex.o
 .debug_str     0x0006c19c    0x5d979 ./Drivers/STM32F0xx_HAL_Driver/Src/stm32f0xx_hal_dma.o
 .debug_str     0x0006c19c    0x5d774 ./Drivers/STM32F0xx_HAL_Driver/Src/stm32f0xx_hal_gpio.o
 .debug_str     0x0006c19c    0x5da0f ./Drivers/STM32F0xx_HAL_Driver/Src/stm32f0xx_hal_rcc.o
 .debug_str     0x0006c19c    0x5e9e9 ./Drivers/STM32F0xx_HAL_Driver/Src/stm32f0xx_hal_tim.o
 .debug_str     0x0006c19c    0x5e1f5 ./Drivers/STM32F0xx_HAL_Driver/Src/stm32f0xx_hal_tim_ex.o
 .debug_str     0x0006c19c     0xe0e9 ./Middlewares/Third_Party/FreeRTOS/Source/CMSIS_RTOS/cmsis_os.o
 .debug_str     0x0006c19c     0xa518 ./Middlewares/Third_Party/FreeRTOS/Source/list.o
 .debug_str     0x0006c19c     0xbd24 ./Middlewares/Third_Party/FreeRTOS/Source/queue.o
 .debug_str     0x0006c19c     0xcab3 ./Middlewares/Third_Party/FreeRTOS/Source/tasks.o
 .debug_str     0x0006c19c     0xadb7 ./Middlewares/Third_Party/FreeRTOS/Source/portable/GCC/ARM_CM0/port.o
 .debug_str     0x0006c19c     0xac32 ./Middlewares/Third_Party/FreeRTOS/Source/portable/MemMang/heap_4.o

.comment        0x00000000       0x43
 .comment       0x00000000       0x43 ./App/Src/app_adc.o
                                 0x44 (size before relaxing)
 .comment       0x00000043       0x44 ./App/Src/app_evse.o
 .comment       0x00000043       0x44 ./App/Src/app_led.o
 .comment       0x00000043       0x44 ./App/Src/app_main.o
 .comment       0x00000043       0x44 ./App/Src/app_pwm.o
 .comment       0x00000043       0x44 ./App/Src/app_relay.o
 .comment       0x00000043       0x44 ./Core/Src/freertos.o
 .comment       0x00000043       0x44 ./Core/Src/main.o
 .comment       0x00000043       0x44 ./Core/Src/stm32f0xx_hal_msp.o
 .comment       0x00000043       0x44 ./Core/Src/stm32f0xx_hal_timebase_tim.o
 .comment       0x00000043       0x44 ./Core/Src/stm32f0xx_it.o
 .comment       0x00000043       0x44 ./Core/Src/system_stm32f0xx.o
 .comment       0x00000043       0x44 ./Drivers/STM32F0xx_HAL_Driver/Src/stm32f0xx_hal.o
 .comment       0x00000043       0x44 ./Drivers/STM32F0xx_HAL_Driver/Src/stm32f0xx_hal_adc.o
 .comment       0x00000043       0x44 ./Drivers/STM32F0xx_HAL_Driver/Src/stm32f0xx_hal_cortex.o
 .comment       0x00000043       0x44 ./Drivers/STM32F0xx_HAL_Driver/Src/stm32f0xx_hal_dma.o
 .comment       0x00000043       0x44 ./Drivers/STM32F0xx_HAL_Driver/Src/stm32f0xx_hal_gpio.o
 .comment       0x00000043       0x44 ./Drivers/STM32F0xx_HAL_Driver/Src/stm32f0xx_hal_rcc.o
 .comment       0x00000043       0x44 ./Drivers/STM32F0xx_HAL_Driver/Src/stm32f0xx_hal_tim.o
 .comment       0x00000043       0x44 ./Drivers/STM32F0xx_HAL_Driver/Src/stm32f0xx_hal_tim_ex.o
 .comment       0x00000043       0x44 ./Middlewares/Third_Party/FreeRTOS/Source/CMSIS_RTOS/cmsis_os.o
 .comment       0x00000043       0x44 ./Middlewares/Third_Party/FreeRTOS/Source/list.o
 .comment       0x00000043       0x44 ./Middlewares/Third_Party/FreeRTOS/Source/queue.o
 .comment       0x00000043       0x44 ./Middlewares/Third_Party/FreeRTOS/Source/tasks.o
 .comment       0x00000043       0x44 ./Middlewares/Third_Party/FreeRTOS/Source/portable/GCC/ARM_CM0/port.o
 .comment       0x00000043       0x44 ./Middlewares/Third_Party/FreeRTOS/Source/portable/MemMang/heap_4.o

.debug_frame    0x00000000     0x3f80
 .debug_frame   0x00000000       0x4c ./App/Src/app_adc.o
 .debug_frame   0x0000004c       0x6c ./App/Src/app_evse.o
 .debug_frame   0x000000b8       0x8c ./App/Src/app_led.o
 .debug_frame   0x00000144       0x30 ./App/Src/app_main.o
 .debug_frame   0x00000174       0x4c ./App/Src/app_pwm.o
 .debug_frame   0x000001c0       0x80 ./App/Src/app_relay.o
 .debug_frame   0x00000240       0x30 ./Core/Src/freertos.o
 .debug_frame   0x00000270      0x10c ./Core/Src/main.o
 .debug_frame   0x0000037c       0xd0 ./Core/Src/stm32f0xx_hal_msp.o
 .debug_frame   0x0000044c       0x6c ./Core/Src/stm32f0xx_hal_timebase_tim.o
 .debug_frame   0x000004b8       0x64 ./Core/Src/stm32f0xx_it.o
 .debug_frame   0x0000051c       0x4c ./Core/Src/system_stm32f0xx.o
 .debug_frame   0x00000568      0x2a4 ./Drivers/STM32F0xx_HAL_Driver/Src/stm32f0xx_hal.o
 .debug_frame   0x0000080c      0x3a0 ./Drivers/STM32F0xx_HAL_Driver/Src/stm32f0xx_hal_adc.o
 .debug_frame   0x00000bac      0x2a0 ./Drivers/STM32F0xx_HAL_Driver/Src/stm32f0xx_hal_cortex.o
 .debug_frame   0x00000e4c      0x1d0 ./Drivers/STM32F0xx_HAL_Driver/Src/stm32f0xx_hal_dma.o
 .debug_frame   0x0000101c      0x110 ./Drivers/STM32F0xx_HAL_Driver/Src/stm32f0xx_hal_gpio.o
 .debug_frame   0x0000112c      0x198 ./Drivers/STM32F0xx_HAL_Driver/Src/stm32f0xx_hal_rcc.o
 .debug_frame   0x000012c4      0xf00 ./Drivers/STM32F0xx_HAL_Driver/Src/stm32f0xx_hal_tim.o
 .debug_frame   0x000021c4      0x560 ./Drivers/STM32F0xx_HAL_Driver/Src/stm32f0xx_hal_tim_ex.o
 .debug_frame   0x00002724      0x6f4 ./Middlewares/Third_Party/FreeRTOS/Source/CMSIS_RTOS/cmsis_os.o
 .debug_frame   0x00002e18       0xb0 ./Middlewares/Third_Party/FreeRTOS/Source/list.o
 .debug_frame   0x00002ec8      0x3d0 ./Middlewares/Third_Party/FreeRTOS/Source/queue.o
 .debug_frame   0x00003298      0x63c ./Middlewares/Third_Party/FreeRTOS/Source/tasks.o
 .debug_frame   0x000038d4      0x174 ./Middlewares/Third_Party/FreeRTOS/Source/portable/GCC/ARM_CM0/port.o
 .debug_frame   0x00003a48       0xe4 ./Middlewares/Third_Party/FreeRTOS/Source/portable/MemMang/heap_4.o
 .debug_frame   0x00003b2c      0x138 C:/ST/STM32CubeIDE_1.19.0/STM32CubeIDE/plugins/com.st.stm32cube.ide.mcu.externaltools.gnu-tools-for-stm32.13.3.rel1.win32_1.0.0.202411081344/tools/bin/../lib/gcc/arm-none-eabi/13.3.1/../../../../arm-none-eabi/lib/thumb/v6-m/nofp\libc_nano.a(libc_a-findfp.o)
 .debug_frame   0x00003c64       0x20 C:/ST/STM32CubeIDE_1.19.0/STM32CubeIDE/plugins/com.st.stm32cube.ide.mcu.externaltools.gnu-tools-for-stm32.13.3.rel1.win32_1.0.0.202411081344/tools/bin/../lib/gcc/arm-none-eabi/13.3.1/../../../../arm-none-eabi/lib/thumb/v6-m/nofp\libc_nano.a(libc_a-memset.o)
 .debug_frame   0x00003c84       0x2c C:/ST/STM32CubeIDE_1.19.0/STM32CubeIDE/plugins/com.st.stm32cube.ide.mcu.externaltools.gnu-tools-for-stm32.13.3.rel1.win32_1.0.0.202411081344/tools/bin/../lib/gcc/arm-none-eabi/13.3.1/../../../../arm-none-eabi/lib/thumb/v6-m/nofp\libc_nano.a(libc_a-reent.o)
 .debug_frame   0x00003cb0       0x2c C:/ST/STM32CubeIDE_1.19.0/STM32CubeIDE/plugins/com.st.stm32cube.ide.mcu.externaltools.gnu-tools-for-stm32.13.3.rel1.win32_1.0.0.202411081344/tools/bin/../lib/gcc/arm-none-eabi/13.3.1/../../../../arm-none-eabi/lib/thumb/v6-m/nofp\libc_nano.a(libc_a-init.o)
 .debug_frame   0x00003cdc       0xb0 C:/ST/STM32CubeIDE_1.19.0/STM32CubeIDE/plugins/com.st.stm32cube.ide.mcu.externaltools.gnu-tools-for-stm32.13.3.rel1.win32_1.0.0.202411081344/tools/bin/../lib/gcc/arm-none-eabi/13.3.1/../../../../arm-none-eabi/lib/thumb/v6-m/nofp\libc_nano.a(libc_a-lock.o)
 .debug_frame   0x00003d8c       0x28 C:/ST/STM32CubeIDE_1.19.0/STM32CubeIDE/plugins/com.st.stm32cube.ide.mcu.externaltools.gnu-tools-for-stm32.13.3.rel1.win32_1.0.0.202411081344/tools/bin/../lib/gcc/arm-none-eabi/13.3.1/../../../../arm-none-eabi/lib/thumb/v6-m/nofp\libc_nano.a(libc_a-memcpy-stub.o)
 .debug_frame   0x00003db4       0x2c C:/ST/STM32CubeIDE_1.19.0/STM32CubeIDE/plugins/com.st.stm32cube.ide.mcu.externaltools.gnu-tools-for-stm32.13.3.rel1.win32_1.0.0.202411081344/tools/bin/../lib/gcc/arm-none-eabi/13.3.1/../../../../arm-none-eabi/lib/thumb/v6-m/nofp\libc_nano.a(libc_a-freer.o)
 .debug_frame   0x00003de0       0x50 C:/ST/STM32CubeIDE_1.19.0/STM32CubeIDE/plugins/com.st.stm32cube.ide.mcu.externaltools.gnu-tools-for-stm32.13.3.rel1.win32_1.0.0.202411081344/tools/bin/../lib/gcc/arm-none-eabi/13.3.1/../../../../arm-none-eabi/lib/thumb/v6-m/nofp\libc_nano.a(libc_a-mallocr.o)
 .debug_frame   0x00003e30       0x40 C:/ST/STM32CubeIDE_1.19.0/STM32CubeIDE/plugins/com.st.stm32cube.ide.mcu.externaltools.gnu-tools-for-stm32.13.3.rel1.win32_1.0.0.202411081344/tools/bin/../lib/gcc/arm-none-eabi/13.3.1/../../../../arm-none-eabi/lib/thumb/v6-m/nofp\libc_nano.a(libc_a-mlock.o)
 .debug_frame   0x00003e70       0x20 C:/ST/STM32CubeIDE_1.19.0/STM32CubeIDE/plugins/com.st.stm32cube.ide.mcu.externaltools.gnu-tools-for-stm32.13.3.rel1.win32_1.0.0.202411081344/tools/bin/../lib/gcc/arm-none-eabi/13.3.1/thumb/v6-m/nofp\libgcc.a(_udivsi3.o)
 .debug_frame   0x00003e90       0x20 C:/ST/STM32CubeIDE_1.19.0/STM32CubeIDE/plugins/com.st.stm32cube.ide.mcu.externaltools.gnu-tools-for-stm32.13.3.rel1.win32_1.0.0.202411081344/tools/bin/../lib/gcc/arm-none-eabi/13.3.1/thumb/v6-m/nofp\libgcc.a(_divsi3.o)
 .debug_frame   0x00003eb0       0x38 C:/ST/STM32CubeIDE_1.19.0/STM32CubeIDE/plugins/com.st.stm32cube.ide.mcu.externaltools.gnu-tools-for-stm32.13.3.rel1.win32_1.0.0.202411081344/tools/bin/../lib/gcc/arm-none-eabi/13.3.1/thumb/v6-m/nofp\libgcc.a(divsf3.o)
 .debug_frame   0x00003ee8       0x38 C:/ST/STM32CubeIDE_1.19.0/STM32CubeIDE/plugins/com.st.stm32cube.ide.mcu.externaltools.gnu-tools-for-stm32.13.3.rel1.win32_1.0.0.202411081344/tools/bin/../lib/gcc/arm-none-eabi/13.3.1/thumb/v6-m/nofp\libgcc.a(mulsf3.o)
 .debug_frame   0x00003f20       0x38 C:/ST/STM32CubeIDE_1.19.0/STM32CubeIDE/plugins/com.st.stm32cube.ide.mcu.externaltools.gnu-tools-for-stm32.13.3.rel1.win32_1.0.0.202411081344/tools/bin/../lib/gcc/arm-none-eabi/13.3.1/thumb/v6-m/nofp\libgcc.a(subsf3.o)
 .debug_frame   0x00003f58       0x28 C:/ST/STM32CubeIDE_1.19.0/STM32CubeIDE/plugins/com.st.stm32cube.ide.mcu.externaltools.gnu-tools-for-stm32.13.3.rel1.win32_1.0.0.202411081344/tools/bin/../lib/gcc/arm-none-eabi/13.3.1/thumb/v6-m/nofp\libgcc.a(floatunsisf.o)

.debug_line_str
                0x00000000       0x72
 .debug_line_str
                0x00000000       0x72 ./Core/Startup/startup_stm32f030c8tx.o
